Archive member included to satisfy reference by file (symbol)

C:/Program Files/SEGGER/SEGGER Embedded Studio for ARM 3.50/lib/libc_v7em_fpv4_sp_d16_hard_t_le_eabi.a(libc2.o)
                              Output/ble_app_coppy_pca10056_s140 Release/Obj/nrf_log_str_formatter.o (isprint)
C:/Program Files/SEGGER/SEGGER Embedded Studio for ARM 3.50/lib/libc_v7em_fpv4_sp_d16_hard_t_le_eabi.a(libc2_asm.o)
                              Output/ble_app_coppy_pca10056_s140 Release/Obj/nrf_log_frontend.o (memcpy)
C:/Program Files/SEGGER/SEGGER Embedded Studio for ARM 3.50/lib/libc_v7em_fpv4_sp_d16_hard_t_le_eabi.a(libc.o)
                              C:/Program Files/SEGGER/SEGGER Embedded Studio for ARM 3.50/lib/libc_v7em_fpv4_sp_d16_hard_t_le_eabi.a(libc2.o) (__heap_lock)
C:/Program Files/SEGGER/SEGGER Embedded Studio for ARM 3.50/lib/libc_v7em_fpv4_sp_d16_hard_t_le_eabi.a(libc_asm.o)
                              C:/Program Files/SEGGER/SEGGER Embedded Studio for ARM 3.50/lib/libc_v7em_fpv4_sp_d16_hard_t_le_eabi.a(libc2.o) (__aeabi_uldivmod)
C:/Program Files/SEGGER/SEGGER Embedded Studio for ARM 3.50/lib/libdebugio_v7em_fpv4_sp_d16_hard_t_le_eabi.a(libdebugio.o)
                              Output/ble_app_coppy_pca10056_s140 Release/Obj/thumb_crt0.o (debug_fopen)
C:/Program Files/SEGGER/SEGGER Embedded Studio for ARM 3.50/lib/libdebugio_mempoll_v7em_fpv4_sp_d16_hard_t_le_eabi.a(mempoll_debug_operations.o)
                              C:/Program Files/SEGGER/SEGGER Embedded Studio for ARM 3.50/lib/libdebugio_v7em_fpv4_sp_d16_hard_t_le_eabi.a(libdebugio.o) (__do_debug_operation)
C:/Program Files/SEGGER/SEGGER Embedded Studio for ARM 3.50/lib/libdebugio_mempoll_v7em_fpv4_sp_d16_hard_t_le_eabi.a(do_nv_debug_operation.o)
                              C:/Program Files/SEGGER/SEGGER Embedded Studio for ARM 3.50/lib/libdebugio_v7em_fpv4_sp_d16_hard_t_le_eabi.a(libdebugio.o) (__do_nvdebug_operation)
C:/Program Files/SEGGER/SEGGER Embedded Studio for ARM 3.50/lib/libm_v7em_fpv4_sp_d16_hard_t_le_eabi.a(libm_asm.o)
                              C:/Program Files/SEGGER/SEGGER Embedded Studio for ARM 3.50/lib/libc_v7em_fpv4_sp_d16_hard_t_le_eabi.a(libc2.o) (__aeabi_i2d)
C:/Program Files/SEGGER/SEGGER Embedded Studio for ARM 3.50/lib/libm_v7em_fpv4_sp_d16_hard_t_le_eabi.a(libm2.o)
                              C:/Program Files/SEGGER/SEGGER Embedded Studio for ARM 3.50/lib/libvfprintf_v7em_fpv4_sp_d16_hard_t_le_eabi.o (frexp)
C:/Program Files/SEGGER/SEGGER Embedded Studio for ARM 3.50/lib/libm_v7em_fpv4_sp_d16_hard_t_le_eabi.a(libm2_asm.o)
                              C:/Program Files/SEGGER/SEGGER Embedded Studio for ARM 3.50/lib/libm_v7em_fpv4_sp_d16_hard_t_le_eabi.a(libm2.o) (fabs)

Discarded input sections

 .text          0x0000000000000000        0x0 Output/ble_app_coppy_pca10056_s140 Release/Obj/thumb_crt0.o
 .data          0x0000000000000000        0x0 Output/ble_app_coppy_pca10056_s140 Release/Obj/thumb_crt0.o
 .bss           0x0000000000000000        0x0 Output/ble_app_coppy_pca10056_s140 Release/Obj/thumb_crt0.o
 .text.__aeabi_read_tp
                0x0000000000000000        0x8 Output/ble_app_coppy_pca10056_s140 Release/Obj/thumb_crt0.o
 .text.abort    0x0000000000000000        0x2 Output/ble_app_coppy_pca10056_s140 Release/Obj/thumb_crt0.o
 .text.__assert
                0x0000000000000000        0x2 Output/ble_app_coppy_pca10056_s140 Release/Obj/thumb_crt0.o
 .text.__aeabi_assert
                0x0000000000000000        0x2 Output/ble_app_coppy_pca10056_s140 Release/Obj/thumb_crt0.o
 .text.__sync_synchronize
                0x0000000000000000        0x2 Output/ble_app_coppy_pca10056_s140 Release/Obj/thumb_crt0.o
 .text.__getchar
                0x0000000000000000        0x4 Output/ble_app_coppy_pca10056_s140 Release/Obj/thumb_crt0.o
 .text.__putchar
                0x0000000000000000        0x4 Output/ble_app_coppy_pca10056_s140 Release/Obj/thumb_crt0.o
 .text.__open   0x0000000000000000        0x4 Output/ble_app_coppy_pca10056_s140 Release/Obj/thumb_crt0.o
 .text.__close  0x0000000000000000        0x4 Output/ble_app_coppy_pca10056_s140 Release/Obj/thumb_crt0.o
 .text.__write  0x0000000000000000        0xa Output/ble_app_coppy_pca10056_s140 Release/Obj/thumb_crt0.o
 .text.__read   0x0000000000000000        0xa Output/ble_app_coppy_pca10056_s140 Release/Obj/thumb_crt0.o
 .text.__seek   0x0000000000000000       0x1a Output/ble_app_coppy_pca10056_s140 Release/Obj/thumb_crt0.o
 .bss.__user_locale_name_buffer
                0x0000000000000000        0x4 Output/ble_app_coppy_pca10056_s140 Release/Obj/thumb_crt0.o
 .stack         0x0000000000000000        0x0 Output/ble_app_coppy_pca10056_s140 Release/Obj/thumb_crt0.o
 .stack_process
                0x0000000000000000        0x0 Output/ble_app_coppy_pca10056_s140 Release/Obj/thumb_crt0.o
 .heap          0x0000000000000000        0x0 Output/ble_app_coppy_pca10056_s140 Release/Obj/thumb_crt0.o
[...]
Memory Configuration

Name             Origin             Length             Attributes
UNPLACED_SECTIONS 0x0000000100000000 0x0000000000000000 xw
RAM              0x0000000020000000 0x0000000000040000 xw
FLASH            0x0000000000000000 0x0000000000100000 xw
*default*        0x0000000000000000 0xffffffffffffffff

Linker script and memory map

                0x0000000000000000                __vfprintf = __vfprintf_long
                0x0000000000000000                __vfscanf = __vfscanf_int
                0x0000000020000000                __RAM_segment_start__ = 0x20000000
                0x0000000020040000                __RAM_segment_end__ = 0x20040000
                0x0000000000040000                __RAM_segment_size__ = 0x40000
                0x0000000000000000                __FLASH_segment_start__ = 0x0
                0x0000000000100000                __FLASH_segment_end__ = 0x100000
                0x0000000000100000                __FLASH_segment_size__ = 0x100000
                0x0000000000002000                __HEAPSIZE__ = 0x2000
                0x0000000000000000                __STACKSIZE_PROCESS__ = 0x0
                0x0000000000002000                __STACKSIZE__ = 0x2000
                0x0000000020000000                __reserved_ram_load_start__ = 0x20000000

.reserved_ram   0x0000000020000000     0x22e0
                0x0000000020000000                __reserved_ram_start__ = .
 *(.reserved_ram .reserved_ram.*)
                0x00000000200022e0                . = MAX (((__reserved_ram_start__ + 0x200022e0) - 0x20000000), .)
 *fill*         0x0000000020000000     0x22e0 
                0x00000000200022e0                __reserved_ram_end__ = (__reserved_ram_start__ + SIZEOF (.reserved_ram))
                0x00000000000022e0                __reserved_ram_size__ = SIZEOF (.reserved_ram)
                0x00000000200022e0                __reserved_ram_load_end__ = __reserved_ram_end__
                0x0000000000000001                . = ASSERT (((__reserved_ram_start__ == __reserved_ram_end__) || ((__reserved_ram_end__ >= __RAM_segment_start__) && (__reserved_ram_end__ <= __RAM_segment_end__))), error: .reserved_ram is too large to fit in RAM memory segment)
                0x00000000200022e0                __vectors_ram_load_start__ = 0x200022e0

.vectors_ram    0x00000000200022e0        0x0
                0x00000000200022e0                __vectors_ram_start__ = .
                0x00000000200022e0                __app_ram_start__ = __vectors_ram_start__
 *(.vectors_ram .vectors_ram.*)
                0x00000000200022e0                __vectors_ram_end__ = (__vectors_ram_start__ + SIZEOF (.vectors_ram))
                0x0000000000000000                __vectors_ram_size__ = SIZEOF (.vectors_ram)
                0x00000000200022e0                __vectors_ram_load_end__ = __vectors_ram_end__
                0x0000000000000001                . = ASSERT (((__vectors_ram_start__ == __vectors_ram_end__) || ((__vectors_ram_end__ >= __RAM_segment_start__) && (__vectors_ram_end__ <= __RAM_segment_end__))), error: .vectors_ram is too large to fit in RAM memory segment)
                0x0000000000000001                . = ASSERT ((__reserved_ram_end__ <= __vectors_ram_start__), error: section .reserved_ram overlaps absolute placed section .vectors_ram)
                0x00000000200022e0                __nrf_sections_run_load_start__ = ALIGN (__vectors_ram_end__, 0x4)

.nrf_sections_run
                0x00000000200022e0        0x0
                0x00000000200022e0                __nrf_sections_run_start__ = .
                0x00000000200022e0                __start_nrf_sections_run = __nrf_sections_run_start__
 *(.nrf_sections_run .nrf_sections_run.*)
                0x00000000200022e0                __nrf_sections_run_end__ = (__nrf_sections_run_start__ + SIZEOF (.nrf_sections_run))
                0x0000000000000000                __nrf_sections_run_size__ = SIZEOF (.nrf_sections_run)
                0x00000000200022e0                __nrf_sections_run_load_end__ = __nrf_sections_run_end__
                0x0000000000000001                . = ASSERT (((__nrf_sections_run_start__ == __nrf_sections_run_end__) || ((__nrf_sections_run_end__ >= __RAM_segment_start__) && (__nrf_sections_run_end__ <= __RAM_segment_end__))), error: .nrf_sections_run is too large to fit in RAM memory segment)
                0x0000000000000000                __reserved_flash_load_start__ = 0x0

.reserved_flash
                0x0000000000000000    0x26000
                0x0000000000000000                __reserved_flash_start__ = .
 *(.reserved_flash .reserved_flash.*)
                0x0000000000026000                . = MAX (((__reserved_flash_start__ + 0x26000) - 0x0), .)
 *fill*         0x0000000000000000    0x26000 
                0x0000000000026000                __reserved_flash_end__ = (__reserved_flash_start__ + SIZEOF (.reserved_flash))
                0x0000000000026000                __reserved_flash_size__ = SIZEOF (.reserved_flash)
                0x0000000000026000                __reserved_flash_load_end__ = __reserved_flash_end__
                0x0000000000000001                . = ASSERT (((__reserved_flash_start__ == __reserved_flash_end__) || ((__reserved_flash_end__ >= __FLASH_segment_start__) && (__reserved_flash_end__ <= __FLASH_segment_end__))), error: .reserved_flash is too large to fit in FLASH memory segment)
                0x0000000000026000                __vectors_load_start__ = 0x26000

.vectors        0x0000000000026000      0x200
                0x0000000000026000                __vectors_start__ = .
 *(.vectors .vectors.*)
 .vectors       0x0000000000026000      0x200 Output/ble_app_coppy_pca10056_s140 Release/Obj/ses_startup_nrf52840.o
                0x0000000000026000                _vectors
                0x0000000000026200                __vectors_end__ = (__vectors_start__ + SIZEOF (.vectors))
                0x0000000000000200                __vectors_size__ = SIZEOF (.vectors)
                0x0000000000026200                __vectors_load_end__ = __vectors_end__
                0x0000000000000001                . = ASSERT (((__vectors_start__ == __vectors_end__) || ((__vectors_end__ >= __FLASH_segment_start__) && (__vectors_end__ <= __FLASH_segment_end__))), error: .vectors is too large to fit in FLASH memory segment)
                0x0000000000000001                . = ASSERT ((__reserved_flash_end__ <= __vectors_start__), error: section .reserved_flash overlaps absolute placed section .vectors)
                0x0000000000026200                __init_load_start__ = ALIGN (__vectors_end__, 0x4)

.init           0x0000000000026200      0x1d8
                0x0000000000026200                __init_start__ = .
 *(.init .init.*)
 .init          0x0000000000026200      0x160 Output/ble_app_coppy_pca10056_s140 Release/Obj/thumb_crt0.o
                0x0000000000026200                _start
                0x00000000000262b6                exit
 .init          0x0000000000026360       0x18 Output/ble_app_coppy_pca10056_s140 Release/Obj/ses_startup_nrf52840.o
                0x0000000000026360                NMI_Handler
                0x0000000000026362                HardFault_Handler
                0x0000000000026364                MemoryManagement_Handler
                0x0000000000026366                BusFault_Handler
                0x0000000000026368                UsageFault_Handler
                0x000000000002636a                SVC_Handler
                0x000000000002636c                DebugMon_Handler
                0x000000000002636e                PendSV_Handler
                0x0000000000026370                SysTick_Handler
                0x0000000000026372                RADIO_IRQHandler
                0x0000000000026372                PDM_IRQHandler
                0x0000000000026372                TEMP_IRQHandler
                0x0000000000026372                QDEC_IRQHandler
                0x0000000000026372                RTC0_IRQHandler
                0x0000000000026372                PWM3_IRQHandler
                0x0000000000026372                FPU_IRQHandler
                0x0000000000026372                USBD_IRQHandler
                0x0000000000026372                SPIM0_SPIS0_TWIM0_TWIS0_SPI0_TWI0_IRQHandler
                0x0000000000026372                PWM1_IRQHandler
                0x0000000000026372                TIMER4_IRQHandler
                0x0000000000026372                CRYPTOCELL_IRQHandler
                0x0000000000026372                I2S_IRQHandler
                0x0000000000026372                TIMER3_IRQHandler
                0x0000000000026372                TIMER0_IRQHandler
                0x0000000000026372                UARTE1_IRQHandler
                0x0000000000026372                Dummy_Handler
                0x0000000000026372                TIMER1_IRQHandler
                0x0000000000026372                SPIM3_IRQHandler
                0x0000000000026372                PWM2_IRQHandler
                0x0000000000026372                ECB_IRQHandler
                0x0000000000026372                SPIM1_SPIS1_TWIM1_TWIS1_SPI1_TWI1_IRQHandler
                0x0000000000026372                SAADC_IRQHandler
                0x0000000000026372                CCM_AAR_IRQHandler
                0x0000000000026372                WDT_IRQHandler
                0x0000000000026372                QSPI_IRQHandler
                0x0000000000026372                SWI5_EGU5_IRQHandler
                0x0000000000026372                RNG_IRQHandler
                0x0000000000026372                RTC2_IRQHandler
                0x0000000000026372                PWM0_IRQHandler
                0x0000000000026372                SWI3_EGU3_IRQHandler
                0x0000000000026372                SWI1_EGU1_IRQHandler
                0x0000000000026372                SPIM2_SPIS2_SPI2_IRQHandler
                0x0000000000026372                NFCT_IRQHandler
                0x0000000000026372                SWI4_EGU4_IRQHandler
                0x0000000000026372                MWU_IRQHandler
                0x0000000000026372                TIMER2_IRQHandler
                0x0000000000026372                COMP_LPCOMP_IRQHandler
                0x0000000000026374                nRFInitialize
 .init          0x0000000000026378       0x60 Output/ble_app_coppy_pca10056_s140 Release/Obj/ses_startup_nrf_common.o
                0x0000000000026378                Reset_Handler
                0x00000000000263a0                InitializeUserMemorySections
                0x00000000000263d8                __init_end__ = (__init_start__ + SIZEOF (.init))
                0x00000000000001d8                __init_size__ = SIZEOF (.init)
                0x00000000000263d8                __init_load_end__ = __init_end__
                0x0000000000000001                . = ASSERT (((__init_start__ == __init_end__) || ((__init_end__ >= __FLASH_segment_start__) && (__init_end__ <= __FLASH_segment_end__))), error: .init is too large to fit in FLASH memory segment)
                0x00000000000263d8                __init_rodata_load_start__ = ALIGN (__init_end__, 0x4)

.init_rodata    0x00000000000263d8        0x0
                0x00000000000263d8                __init_rodata_start__ = .
 *(.init_rodata .init_rodata.*)
                0x00000000000263d8                __init_rodata_end__ = (__init_rodata_start__ + SIZEOF (.init_rodata))
                0x0000000000000000                __init_rodata_size__ = SIZEOF (.init_rodata)
                0x00000000000263d8                __init_rodata_load_end__ = __init_rodata_end__
                0x0000000000000001                . = ASSERT (((__init_rodata_start__ == __init_rodata_end__) || ((__init_rodata_end__ >= __FLASH_segment_start__) && (__init_rodata_end__ <= __FLASH_segment_end__))), error: .init_rodata is too large to fit in FLASH memory segment)
                0x00000000000263d8                __text_load_start__ = ALIGN (__init_rodata_end__, 0x4)

.text           0x00000000000263d8     0x45aa
                0x00000000000263d8                __text_start__ = .
 *(.text .text.* .glue_7t .glue_7 .gnu.linkonce.t.* .gcc_except_table .ARM.extab* .gnu.linkonce.armextab.*)
 .glue_7        0x00000000000263d8        0x0 linker stubs
 .glue_7t       0x00000000000263d8        0x0 linker stubs
 .text.nrf_log_backend_serial_put
                0x00000000000263d8       0xcc Output/ble_app_coppy_pca10056_s140 Release/Obj/nrf_log_backend_serial.o
                0x00000000000263d8                nrf_log_backend_serial_put
 .text.uart_evt_handler
                0x00000000000264a4        0xc Output/ble_app_coppy_pca10056_s140 Release/Obj/nrf_log_backend_uart.o
 .text.nrf_log_backend_uart_flush
                0x00000000000264b0        0x2 Output/ble_app_coppy_pca10056_s140 Release/Obj/nrf_log_backend_uart.o
 *fill*         0x00000000000264b2        0x2 
 .text.uart_init
                0x00000000000264b4       0x4c Output/ble_app_coppy_pca10056_s140 Release/Obj/nrf_log_backend_uart.o
 .text.nrf_log_backend_uart_put
                0x0000000000026500       0x1c Output/ble_app_coppy_pca10056_s140 Release/Obj/nrf_log_backend_uart.o
 .text.serial_tx
                0x000000000002651c       0x48 Output/ble_app_coppy_pca10056_s140 Release/Obj/nrf_log_backend_uart.o
 .text.nrf_log_backend_uart_panic_set
                0x0000000000026564       0x2c Output/ble_app_coppy_pca10056_s140 Release/Obj/nrf_log_backend_uart.o
 .text.nrf_log_backend_uart_init
                0x0000000000026590        0x6 Output/ble_app_coppy_pca10056_s140 Release/Obj/nrf_log_backend_uart.o
                0x0000000000026590                nrf_log_backend_uart_init
 *fill*         0x0000000000026596        0x2 
 .text.nrf_log_default_backends_init
                0x0000000000026598       0x20 Output/ble_app_coppy_pca10056_s140 Release/Obj/nrf_log_default_backends.o
                0x0000000000026598                nrf_log_default_backends_init
 .text.invalid_packets_omit
                0x00000000000265b8       0x3a Output/ble_app_coppy_pca10056_s140 Release/Obj/nrf_log_frontend.o
 *fill*         0x00000000000265f2        0x2 
 .text.buf_prealloc
                0x00000000000265f4      0x134 Output/ble_app_coppy_pca10056_s140 Release/Obj/nrf_log_frontend.o
 .text.nrf_log_init
                0x0000000000026728       0x3c Output/ble_app_coppy_pca10056_s140 Release/Obj/nrf_log_frontend.o
                0x0000000000026728                nrf_log_init
 .text.nrf_log_module_name_get
                0x0000000000026764       0x38 Output/ble_app_coppy_pca10056_s140 Release/Obj/nrf_log_frontend.o
                0x0000000000026764                nrf_log_module_name_get
 .text.nrf_log_color_id_get
                0x000000000002679c       0x2c Output/ble_app_coppy_pca10056_s140 Release/Obj/nrf_log_frontend.o
                0x000000000002679c                nrf_log_color_id_get
 .text.buffer_is_empty
                0x00000000000267c8       0x14 Output/ble_app_coppy_pca10056_s140 Release/Obj/nrf_log_frontend.o
                0x00000000000267c8                buffer_is_empty
 .text.nrf_log_frontend_dequeue
                0x00000000000267dc      0x228 Output/ble_app_coppy_pca10056_s140 Release/Obj/nrf_log_frontend.o
                0x00000000000267dc                nrf_log_frontend_dequeue
 .text.std_n    0x0000000000026a04       0xb0 Output/ble_app_coppy_pca10056_s140 Release/Obj/nrf_log_frontend.o
 .text.nrf_log_frontend_std_0
                0x0000000000026ab4        0x8 Output/ble_app_coppy_pca10056_s140 Release/Obj/nrf_log_frontend.o
                0x0000000000026ab4                nrf_log_frontend_std_0
 .text.nrf_log_frontend_std_1
                0x0000000000026abc       0x14 Output/ble_app_coppy_pca10056_s140 Release/Obj/nrf_log_frontend.o
                0x0000000000026abc                nrf_log_frontend_std_1
 .text.nrf_log_frontend_std_2
                0x0000000000026ad0       0x14 Output/ble_app_coppy_pca10056_s140 Release/Obj/nrf_log_frontend.o
                0x0000000000026ad0                nrf_log_frontend_std_2
 .text.nrf_log_backend_add
                0x0000000000026ae4       0x44 Output/ble_app_coppy_pca10056_s140 Release/Obj/nrf_log_frontend.o
                0x0000000000026ae4                nrf_log_backend_add
 .text.nrf_log_panic
                0x0000000000026b28       0x2c Output/ble_app_coppy_pca10056_s140 Release/Obj/nrf_log_frontend.o
                0x0000000000026b28                nrf_log_panic
 .text.postfix_process
                0x0000000000026b54       0x3c Output/ble_app_coppy_pca10056_s140 Release/Obj/nrf_log_str_formatter.o
 .text.prefix_process
                0x0000000000026b90       0x78 Output/ble_app_coppy_pca10056_s140 Release/Obj/nrf_log_str_formatter.o
 .text.nrf_log_std_entry_process
                0x0000000000026c08       0xc8 Output/ble_app_coppy_pca10056_s140 Release/Obj/nrf_log_str_formatter.o
                0x0000000000026c08                nrf_log_std_entry_process
 .text.nrf_log_hexdump_entry_process
                0x0000000000026cd0       0xac Output/ble_app_coppy_pca10056_s140 Release/Obj/nrf_log_str_formatter.o
                0x0000000000026cd0                nrf_log_hexdump_entry_process
 .text.detection_delay_timeout_handler
                0x0000000000026d7c      0x104 Output/ble_app_coppy_pca10056_s140 Release/Obj/app_button.o
 .text.gpiote_event_handler
                0x0000000000026e80       0xa8 Output/ble_app_coppy_pca10056_s140 Release/Obj/app_button.o
 .text.app_button_init
                0x0000000000026f28       0xa8 Output/ble_app_coppy_pca10056_s140 Release/Obj/app_button.o
                0x0000000000026f28                app_button_init
 .text.app_button_enable
                0x0000000000026fd0       0x2c Output/ble_app_coppy_pca10056_s140 Release/Obj/app_button.o
                0x0000000000026fd0                app_button_enable
 .text.app_button_disable
                0x0000000000026ffc       0x34 Output/ble_app_coppy_pca10056_s140 Release/Obj/app_button.o
                0x0000000000026ffc                app_button_disable
 .text.app_error_handler_bare
                0x0000000000027030       0x1a Output/ble_app_coppy_pca10056_s140 Release/Obj/app_error.o
                0x0000000000027030                app_error_handler_bare
 *fill*         0x000000000002704a        0x2 
 .text.app_error_fault_handler
                0x000000000002704c       0x70 Output/ble_app_coppy_pca10056_s140 Release/Obj/app_error_weak.o
                0x000000000002704c                app_error_fault_handler
 .text.user_op_alloc
                0x00000000000270bc       0x2c Output/ble_app_coppy_pca10056_s140 Release/Obj/app_timer.o
 .text.timer_stop_op_schedule
                0x00000000000270e8       0x50 Output/ble_app_coppy_pca10056_s140 Release/Obj/app_timer.o
 .text.nrfx_coredep_delay_us.constprop.3
                0x0000000000027138       0x10 Output/ble_app_coppy_pca10056_s140 Release/Obj/app_timer.o
 .text.rtc1_stop
                0x0000000000027148       0x44 Output/ble_app_coppy_pca10056_s140 Release/Obj/app_timer.o
 .text.RTC1_IRQHandler
                0x000000000002718c       0x9c Output/ble_app_coppy_pca10056_s140 Release/Obj/app_timer.o
                0x000000000002718c                RTC1_IRQHandler
 .text.SWI0_EGU0_IRQHandler
                0x0000000000027228      0x2ac Output/ble_app_coppy_pca10056_s140 Release/Obj/app_timer.o
                0x0000000000027228                SWI0_EGU0_IRQHandler
 .text.app_timer_init
                0x00000000000274d4       0x60 Output/ble_app_coppy_pca10056_s140 Release/Obj/app_timer.o
                0x00000000000274d4                app_timer_init
 .text.app_timer_create
                0x0000000000027534       0x24 Output/ble_app_coppy_pca10056_s140 Release/Obj/app_timer.o
                0x0000000000027534                app_timer_create
 .text.app_timer_start
                0x0000000000027558       0x88 Output/ble_app_coppy_pca10056_s140 Release/Obj/app_timer.o
                0x0000000000027558                app_timer_start
 .text.app_timer_stop
                0x00000000000275e0       0x20 Output/ble_app_coppy_pca10056_s140 Release/Obj/app_timer.o
                0x00000000000275e0                app_timer_stop
 .text.app_util_critical_region_enter
                0x0000000000027600       0x48 Output/ble_app_coppy_pca10056_s140 Release/Obj/app_util_platform.o
                0x0000000000027600                app_util_critical_region_enter
 .text.app_util_critical_region_exit
                0x0000000000027648       0x2c Output/ble_app_coppy_pca10056_s140 Release/Obj/app_util_platform.o
                0x0000000000027648                app_util_critical_region_exit
 .text.nrf_atflags_set
                0x0000000000027674       0x12 Output/ble_app_coppy_pca10056_s140 Release/Obj/nrf_atflags.o
                0x0000000000027674                nrf_atflags_set
 .text.nrf_atflags_clear
                0x0000000000027686       0x14 Output/ble_app_coppy_pca10056_s140 Release/Obj/nrf_atflags.o
                0x0000000000027686                nrf_atflags_clear
 .text.nrf_atflags_get
                0x000000000002769a       0x12 Output/ble_app_coppy_pca10056_s140 Release/Obj/nrf_atflags.o
                0x000000000002769a                nrf_atflags_get
 .text.nrf_atomic_u32_fetch_store
                0x00000000000276ac       0x14 Output/ble_app_coppy_pca10056_s140 Release/Obj/nrf_atomic.o
                0x00000000000276ac                nrf_atomic_u32_fetch_store
 .text.nrf_atomic_u32_or
                0x00000000000276c0       0x16 Output/ble_app_coppy_pca10056_s140 Release/Obj/nrf_atomic.o
                0x00000000000276c0                nrf_atomic_u32_or
 .text.nrf_atomic_u32_fetch_and
                0x00000000000276d6       0x16 Output/ble_app_coppy_pca10056_s140 Release/Obj/nrf_atomic.o
                0x00000000000276d6                nrf_atomic_u32_fetch_and
 .text.nrf_atomic_u32_and
                0x00000000000276ec       0x16 Output/ble_app_coppy_pca10056_s140 Release/Obj/nrf_atomic.o
                0x00000000000276ec                nrf_atomic_u32_and
 .text.nrf_atomic_u32_add
                0x0000000000027702       0x16 Output/ble_app_coppy_pca10056_s140 Release/Obj/nrf_atomic.o
                0x0000000000027702                nrf_atomic_u32_add
 .text.nrf_atomic_u32_sub
                0x0000000000027718       0x16 Output/ble_app_coppy_pca10056_s140 Release/Obj/nrf_atomic.o
                0x0000000000027718                nrf_atomic_u32_sub
 .text.nrf_atomic_flag_set
                0x000000000002772e        0x6 Output/ble_app_coppy_pca10056_s140 Release/Obj/nrf_atomic.o
                0x000000000002772e                nrf_atomic_flag_set
 .text.nrf_atomic_flag_clear_fetch
                0x0000000000027734        0x6 Output/ble_app_coppy_pca10056_s140 Release/Obj/nrf_atomic.o
                0x0000000000027734                nrf_atomic_flag_clear_fetch
 .text.nrf_balloc_init
                0x000000000002773a       0x2e Output/ble_app_coppy_pca10056_s140 Release/Obj/nrf_balloc.o
                0x000000000002773a                nrf_balloc_init
 .text.nrf_balloc_alloc
                0x0000000000027768       0x46 Output/ble_app_coppy_pca10056_s140 Release/Obj/nrf_balloc.o
                0x0000000000027768                nrf_balloc_alloc
 .text.nrf_balloc_free
                0x00000000000277ae       0x32 Output/ble_app_coppy_pca10056_s140 Release/Obj/nrf_balloc.o
                0x00000000000277ae                nrf_balloc_free
 .text.nrf_fprintf_buffer_flush
                0x00000000000277e0       0x16 Output/ble_app_coppy_pca10056_s140 Release/Obj/nrf_fprintf.o
                0x00000000000277e0                nrf_fprintf_buffer_flush
 .text.nrf_fprintf
                0x00000000000277f6       0x1e Output/ble_app_coppy_pca10056_s140 Release/Obj/nrf_fprintf.o
                0x00000000000277f6                nrf_fprintf
 .text.buffer_add
                0x0000000000027814       0x1e Output/ble_app_coppy_pca10056_s140 Release/Obj/nrf_fprintf_format.o
 *fill*         0x0000000000027832        0x2 
 .text.unsigned_print
                0x0000000000027834       0xac Output/ble_app_coppy_pca10056_s140 Release/Obj/nrf_fprintf_format.o
 .text.nrf_fprintf_fmt
                0x00000000000278e0      0x28a Output/ble_app_coppy_pca10056_s140 Release/Obj/nrf_fprintf_format.o
                0x00000000000278e0                nrf_fprintf_fmt
 .text.memobj_op
                0x0000000000027b6a       0x82 Output/ble_app_coppy_pca10056_s140 Release/Obj/nrf_memobj.o
 .text.nrf_memobj_pool_init
                0x0000000000027bec        0x4 Output/ble_app_coppy_pca10056_s140 Release/Obj/nrf_memobj.o
                0x0000000000027bec                nrf_memobj_pool_init
 .text.nrf_memobj_free
                0x0000000000027bf0       0x2c Output/ble_app_coppy_pca10056_s140 Release/Obj/nrf_memobj.o
                0x0000000000027bf0                nrf_memobj_free
 .text.nrf_memobj_alloc
                0x0000000000027c1c       0x5e Output/ble_app_coppy_pca10056_s140 Release/Obj/nrf_memobj.o
                0x0000000000027c1c                nrf_memobj_alloc
 .text.nrf_memobj_get
                0x0000000000027c7a        0x8 Output/ble_app_coppy_pca10056_s140 Release/Obj/nrf_memobj.o
                0x0000000000027c7a                nrf_memobj_get
 .text.nrf_memobj_put
                0x0000000000027c82       0x1e Output/ble_app_coppy_pca10056_s140 Release/Obj/nrf_memobj.o
                0x0000000000027c82                nrf_memobj_put
 .text.nrf_memobj_write
                0x0000000000027ca0       0x16 Output/ble_app_coppy_pca10056_s140 Release/Obj/nrf_memobj.o
                0x0000000000027ca0                nrf_memobj_write
 .text.nrf_memobj_read
                0x0000000000027cb6       0x16 Output/ble_app_coppy_pca10056_s140 Release/Obj/nrf_memobj.o
                0x0000000000027cb6                nrf_memobj_read
 .text.sd_app_evt_wait
                0x0000000000027ccc        0x4 Output/ble_app_coppy_pca10056_s140 Release/Obj/nrf_pwr_mgmt.o
 .text.nrf_pwr_mgmt_init
                0x0000000000027cd0       0x2c Output/ble_app_coppy_pca10056_s140 Release/Obj/nrf_pwr_mgmt.o
                0x0000000000027cd0                nrf_pwr_mgmt_init
 .text.nrf_pwr_mgmt_run
                0x0000000000027cfc       0x4c Output/ble_app_coppy_pca10056_s140 Release/Obj/nrf_pwr_mgmt.o
                0x0000000000027cfc                nrf_pwr_mgmt_run
 .text.nrf_ringbuf_init
                0x0000000000027d48       0x12 Output/ble_app_coppy_pca10056_s140 Release/Obj/nrf_ringbuf.o
                0x0000000000027d48                nrf_ringbuf_init
 .text.nrf_section_iter_init
                0x0000000000027d5a       0x14 Output/ble_app_coppy_pca10056_s140 Release/Obj/nrf_section_iter.o
                0x0000000000027d5a                nrf_section_iter_init
 .text.nrf_section_iter_next
                0x0000000000027d6e       0x18 Output/ble_app_coppy_pca10056_s140 Release/Obj/nrf_section_iter.o
                0x0000000000027d6e                nrf_section_iter_next
 *fill*         0x0000000000027d86        0x2 
 .text.nrf_strerror_find
                0x0000000000027d88       0x3c Output/ble_app_coppy_pca10056_s140 Release/Obj/nrf_strerror.o
                0x0000000000027d88                nrf_strerror_find
 .text.nrf_strerror_get
                0x0000000000027dc4       0x14 Output/ble_app_coppy_pca10056_s140 Release/Obj/nrf_strerror.o
                0x0000000000027dc4                nrf_strerror_get
 .text.errata_98
                0x0000000000027dd8       0x20 Output/ble_app_coppy_pca10056_s140 Release/Obj/system_nrf52840.o
 .text.SystemInit
                0x0000000000027df8      0x1b8 Output/ble_app_coppy_pca10056_s140 Release/Obj/system_nrf52840.o
                0x0000000000027df8                SystemInit
 .text.bsp_board_led_on
                0x0000000000027fb0       0x28 Output/ble_app_coppy_pca10056_s140 Release/Obj/boards.o
                0x0000000000027fb0                bsp_board_led_on
 .text.bsp_board_led_off
                0x0000000000027fd8       0x28 Output/ble_app_coppy_pca10056_s140 Release/Obj/boards.o
                0x0000000000027fd8                bsp_board_led_off
 .text.bsp_board_leds_off
                0x0000000000028000       0x1e Output/ble_app_coppy_pca10056_s140 Release/Obj/boards.o
                0x0000000000028000                bsp_board_leds_off
 .text.bsp_board_init
                0x000000000002801e       0x3e Output/ble_app_coppy_pca10056_s140 Release/Obj/boards.o
                0x000000000002801e                bsp_board_init
 .text.clock_clk_started_notify
                0x000000000002805c       0x28 Output/ble_app_coppy_pca10056_s140 Release/Obj/nrf_drv_clock.o
 .text.clock_irq_handler
                0x0000000000028084       0x1c Output/ble_app_coppy_pca10056_s140 Release/Obj/nrf_drv_clock.o
 .text.soc_evt_handler
                0x00000000000280a0       0x14 Output/ble_app_coppy_pca10056_s140 Release/Obj/nrf_drv_clock.o
 .text.nrf_drv_clock_init
                0x00000000000280b4       0x38 Output/ble_app_coppy_pca10056_s140 Release/Obj/nrf_drv_clock.o
                0x00000000000280b4                nrf_drv_clock_init
 .text.nrf_drv_clock_lfclk_release
                0x00000000000280ec       0x30 Output/ble_app_coppy_pca10056_s140 Release/Obj/nrf_drv_clock.o
                0x00000000000280ec                nrf_drv_clock_lfclk_release
 .text.sd_state_evt_handler
                0x000000000002811c       0x58 Output/ble_app_coppy_pca10056_s140 Release/Obj/nrf_drv_clock.o
 .text.uarte_evt_handler
                0x0000000000028174       0x34 Output/ble_app_coppy_pca10056_s140 Release/Obj/nrf_drv_uart.o
 .text.uart_evt_handler
                0x00000000000281a8       0x34 Output/ble_app_coppy_pca10056_s140 Release/Obj/nrf_drv_uart.o
 .text.nrf_drv_uart_init
                0x00000000000281dc       0x7c Output/ble_app_coppy_pca10056_s140 Release/Obj/nrf_drv_uart.o
                0x00000000000281dc                nrf_drv_uart_init
 .text.nrf_clock_event_clear
                0x0000000000028258       0x14 Output/ble_app_coppy_pca10056_s140 Release/Obj/nrfx_clock.o
 .text.nrfx_clock_init
                0x000000000002826c       0x1c Output/ble_app_coppy_pca10056_s140 Release/Obj/nrfx_clock.o
                0x000000000002826c                nrfx_clock_init
 .text.nrfx_clock_enable
                0x0000000000028288       0x28 Output/ble_app_coppy_pca10056_s140 Release/Obj/nrfx_clock.o
                0x0000000000028288                nrfx_clock_enable
 .text.nrfx_clock_lfclk_stop
                0x00000000000282b0       0x18 Output/ble_app_coppy_pca10056_s140 Release/Obj/nrfx_clock.o
                0x00000000000282b0                nrfx_clock_lfclk_stop
 .text.POWER_CLOCK_IRQHandler
                0x00000000000282c8       0x58 Output/ble_app_coppy_pca10056_s140 Release/Obj/nrfx_clock.o
                0x00000000000282c8                POWER_CLOCK_IRQHandler
 .text.nrf_gpiote_event_clear
                0x0000000000028320       0x18 Output/ble_app_coppy_pca10056_s140 Release/Obj/nrfx_gpiote.o
 .text.nrf_gpio_pin_port_decode
                0x0000000000028338       0x18 Output/ble_app_coppy_pca10056_s140 Release/Obj/nrfx_gpiote.o
 .text.nrf_gpio_cfg_sense_set
                0x0000000000028350       0x32 Output/ble_app_coppy_pca10056_s140 Release/Obj/nrfx_gpiote.o
 *fill*         0x0000000000028382        0x2 
 .text.channel_free
                0x0000000000028384       0x1c Output/ble_app_coppy_pca10056_s140 Release/Obj/nrfx_gpiote.o
 .text.nrfx_gpiote_init
                0x00000000000283a0       0x70 Output/ble_app_coppy_pca10056_s140 Release/Obj/nrfx_gpiote.o
                0x00000000000283a0                nrfx_gpiote_init
 .text.nrfx_gpiote_is_init
                0x0000000000028410       0x14 Output/ble_app_coppy_pca10056_s140 Release/Obj/nrfx_gpiote.o
                0x0000000000028410                nrfx_gpiote_is_init
 .text.nrfx_gpiote_in_init
                0x0000000000028424      0x10c Output/ble_app_coppy_pca10056_s140 Release/Obj/nrfx_gpiote.o
                0x0000000000028424                nrfx_gpiote_in_init
 .text.nrfx_gpiote_in_event_enable
                0x0000000000028530       0x94 Output/ble_app_coppy_pca10056_s140 Release/Obj/nrfx_gpiote.o
                0x0000000000028530                nrfx_gpiote_in_event_enable
 .text.nrfx_gpiote_in_event_disable
                0x00000000000285c4       0x44 Output/ble_app_coppy_pca10056_s140 Release/Obj/nrfx_gpiote.o
                0x00000000000285c4                nrfx_gpiote_in_event_disable
 .text.nrfx_gpiote_in_is_set
                0x0000000000028608       0x20 Output/ble_app_coppy_pca10056_s140 Release/Obj/nrfx_gpiote.o
                0x0000000000028608                nrfx_gpiote_in_is_set
 .text.GPIOTE_IRQHandler
                0x0000000000028628      0x1a4 Output/ble_app_coppy_pca10056_s140 Release/Obj/nrfx_gpiote.o
                0x0000000000028628                GPIOTE_IRQHandler
 .text.UARTE0_UART0_IRQHandler
                0x00000000000287cc        0xc Output/ble_app_coppy_pca10056_s140 Release/Obj/nrfx_prs.o
                0x00000000000287cc                UARTE0_UART0_IRQHandler
 .text.nrfx_prs_acquire
                0x00000000000287d8       0x40 Output/ble_app_coppy_pca10056_s140 Release/Obj/nrfx_prs.o
                0x00000000000287d8                nrfx_prs_acquire
 .text.nrfx_prs_release
                0x0000000000028818       0x18 Output/ble_app_coppy_pca10056_s140 Release/Obj/nrfx_prs.o
                0x0000000000028818                nrfx_prs_release
 .text.nrf_uart_event_clear
                0x0000000000028830       0x10 Output/ble_app_coppy_pca10056_s140 Release/Obj/nrfx_uart.o
 .text.tx_byte  0x0000000000028840       0x1e Output/ble_app_coppy_pca10056_s140 Release/Obj/nrfx_uart.o
 .text.rx_byte  0x000000000002885e       0x2c Output/ble_app_coppy_pca10056_s140 Release/Obj/nrfx_uart.o
 *fill*         0x000000000002888a        0x2 
 .text.rx_done_event.constprop.7
                0x000000000002888c       0x20 Output/ble_app_coppy_pca10056_s140 Release/Obj/nrfx_uart.o
 .text.nrfx_uart_0_irq_handler
                0x00000000000288ac      0x13c Output/ble_app_coppy_pca10056_s140 Release/Obj/nrfx_uart.o
                0x00000000000288ac                nrfx_uart_0_irq_handler
 .text.nrf_gpio_cfg_default
                0x00000000000289e8       0x20 Output/ble_app_coppy_pca10056_s140 Release/Obj/nrfx_uart.o
 .text.nrfx_uart_init
                0x0000000000028a08      0x1b4 Output/ble_app_coppy_pca10056_s140 Release/Obj/nrfx_uart.o
                0x0000000000028a08                nrfx_uart_init
 .text.nrfx_uart_uninit
                0x0000000000028bbc       0xac Output/ble_app_coppy_pca10056_s140 Release/Obj/nrfx_uart.o
                0x0000000000028bbc                nrfx_uart_uninit
 .text.nrfx_uart_tx
                0x0000000000028c68       0x94 Output/ble_app_coppy_pca10056_s140 Release/Obj/nrfx_uart.o
                0x0000000000028c68                nrfx_uart_tx
 .text.nrf_uarte_event_clear
                0x0000000000028cfc       0x10 Output/ble_app_coppy_pca10056_s140 Release/Obj/nrfx_uarte.o
 .text.rx_done_event.constprop.6
                0x0000000000028d0c       0x24 Output/ble_app_coppy_pca10056_s140 Release/Obj/nrfx_uarte.o
 .text.nrfx_uarte_0_irq_handler
                0x0000000000028d30       0xec Output/ble_app_coppy_pca10056_s140 Release/Obj/nrfx_uarte.o
                0x0000000000028d30                nrfx_uarte_0_irq_handler
 .text.nrf_gpio_cfg_default
                0x0000000000028e1c       0x20 Output/ble_app_coppy_pca10056_s140 Release/Obj/nrfx_uarte.o
 .text.nrfx_uarte_init
                0x0000000000028e3c      0x1c4 Output/ble_app_coppy_pca10056_s140 Release/Obj/nrfx_uarte.o
                0x0000000000028e3c                nrfx_uarte_init
 .text.nrfx_uarte_uninit
                0x0000000000029000       0xac Output/ble_app_coppy_pca10056_s140 Release/Obj/nrfx_uarte.o
                0x0000000000029000                nrfx_uarte_uninit
 .text.nrfx_uarte_tx
                0x00000000000290ac       0x88 Output/ble_app_coppy_pca10056_s140 Release/Obj/nrfx_uarte.o
                0x00000000000290ac                nrfx_uarte_tx
 .text.sd_ble_gap_adv_set_configure
                0x0000000000029134        0x4 Output/ble_app_coppy_pca10056_s140 Release/Obj/main.o
 .text.sd_ble_gap_adv_start
                0x0000000000029138        0x4 Output/ble_app_coppy_pca10056_s140 Release/Obj/main.o
 .text.sd_ble_gap_disconnect
                0x000000000002913c        0x4 Output/ble_app_coppy_pca10056_s140 Release/Obj/main.o
 .text.sd_ble_gap_ppcp_set
                0x0000000000029140        0x4 Output/ble_app_coppy_pca10056_s140 Release/Obj/main.o
 .text.sd_ble_gap_device_name_set
                0x0000000000029144        0x4 Output/ble_app_coppy_pca10056_s140 Release/Obj/main.o
 .text.sd_ble_gap_sec_params_reply
                0x0000000000029148        0x4 Output/ble_app_coppy_pca10056_s140 Release/Obj/main.o
 .text.sd_ble_gap_phy_update
                0x000000000002914c        0x4 Output/ble_app_coppy_pca10056_s140 Release/Obj/main.o
 .text.sd_ble_gatts_sys_attr_set
                0x0000000000029150        0x4 Output/ble_app_coppy_pca10056_s140 Release/Obj/main.o
 .text.nrf_qwr_error_handler
                0x0000000000029154        0x4 Output/ble_app_coppy_pca10056_s140 Release/Obj/main.o
 .text.advertising_start
                0x0000000000029158       0x20 Output/ble_app_coppy_pca10056_s140 Release/Obj/main.o
 .text.ble_evt_handler
                0x0000000000029178       0xe8 Output/ble_app_coppy_pca10056_s140 Release/Obj/main.o
 .text.on_conn_params_evt
                0x0000000000029260       0x20 Output/ble_app_coppy_pca10056_s140 Release/Obj/main.o
 .text.conn_params_error_handler
                0x0000000000029280        0x4 Output/ble_app_coppy_pca10056_s140 Release/Obj/main.o
 .text.light_toggle
                0x0000000000029284       0x54 Output/ble_app_coppy_pca10056_s140 Release/Obj/main.o
 .text.button_event_handler
                0x00000000000292d8       0x88 Output/ble_app_coppy_pca10056_s140 Release/Obj/main.o
 .text.led_write_handler
                0x0000000000029360       0x3c Output/ble_app_coppy_pca10056_s140 Release/Obj/main.o
 .text.startup.main
                0x000000000002939c      0x21c Output/ble_app_coppy_pca10056_s140 Release/Obj/main.o
                0x000000000002939c                main
 .text.sd_ble_gap_addr_get
                0x00000000000295b8        0x4 Output/ble_app_coppy_pca10056_s140 Release/Obj/ble_advdata.o
 .text.sd_ble_gap_appearance_get
                0x00000000000295bc        0x4 Output/ble_app_coppy_pca10056_s140 Release/Obj/ble_advdata.o
 .text.sd_ble_gap_device_name_get
                0x00000000000295c0        0x4 Output/ble_app_coppy_pca10056_s140 Release/Obj/ble_advdata.o
 .text.sd_ble_uuid_encode
                0x00000000000295c4        0x4 Output/ble_app_coppy_pca10056_s140 Release/Obj/ble_advdata.o
 .text.uuid_list_sized_encode
                0x00000000000295c8       0xa4 Output/ble_app_coppy_pca10056_s140 Release/Obj/ble_advdata.o
 .text.uuid_list_encode
                0x000000000002966c       0x34 Output/ble_app_coppy_pca10056_s140 Release/Obj/ble_advdata.o
 .text.ble_advdata_encode
                0x00000000000296a0      0x392 Output/ble_app_coppy_pca10056_s140 Release/Obj/ble_advdata.o
                0x00000000000296a0                ble_advdata_encode
 .text.sd_ble_gap_conn_param_update
                0x0000000000029a32        0x4 Output/ble_app_coppy_pca10056_s140 Release/Obj/ble_conn_params.o
 .text.sd_ble_gap_disconnect
                0x0000000000029a36        0x4 Output/ble_app_coppy_pca10056_s140 Release/Obj/ble_conn_params.o
 .text.sd_ble_gap_ppcp_set
                0x0000000000029a3a        0x4 Output/ble_app_coppy_pca10056_s140 Release/Obj/ble_conn_params.o
 .text.sd_ble_gap_ppcp_get
                0x0000000000029a3e        0x4 Output/ble_app_coppy_pca10056_s140 Release/Obj/ble_conn_params.o
 *fill*         0x0000000000029a42        0x2 
 .text.instance_get
                0x0000000000029a44       0x14 Output/ble_app_coppy_pca10056_s140 Release/Obj/ble_conn_params.o
 .text.send_error_evt
                0x0000000000029a58       0x10 Output/ble_app_coppy_pca10056_s140 Release/Obj/ble_conn_params.o
 .text.update_timeout_handler
                0x0000000000029a68       0x6c Output/ble_app_coppy_pca10056_s140 Release/Obj/ble_conn_params.o
 .text.conn_params_negotiation
                0x0000000000029ad4       0x48 Output/ble_app_coppy_pca10056_s140 Release/Obj/ble_conn_params.o
 .text.is_conn_params_ok.constprop.3
                0x0000000000029b1c       0x3c Output/ble_app_coppy_pca10056_s140 Release/Obj/ble_conn_params.o
 .text.ble_evt_handler
                0x0000000000029b58       0xe0 Output/ble_app_coppy_pca10056_s140 Release/Obj/ble_conn_params.o
 .text.ble_conn_params_init
                0x0000000000029c38       0x74 Output/ble_app_coppy_pca10056_s140 Release/Obj/ble_conn_params.o
                0x0000000000029c38                ble_conn_params_init
 .text.conn_handle_list_get
                0x0000000000029cac       0x2e Output/ble_app_coppy_pca10056_s140 Release/Obj/ble_conn_state.o
                0x0000000000029cac                conn_handle_list_get
 *fill*         0x0000000000029cda        0x2 
 .text.ble_evt_handler
                0x0000000000029cdc       0xd8 Output/ble_app_coppy_pca10056_s140 Release/Obj/ble_conn_state.o
 .text.sd_ble_gatts_characteristic_add
                0x0000000000029db4        0x4 Output/ble_app_coppy_pca10056_s140 Release/Obj/ble_srv_common.o
 .text.set_security_req
                0x0000000000029db8       0x2a Output/ble_app_coppy_pca10056_s140 Release/Obj/ble_srv_common.o
 .text.ble_srv_is_notification_enabled
                0x0000000000029de2        0x8 Output/ble_app_coppy_pca10056_s140 Release/Obj/ble_srv_common.o
                0x0000000000029de2                ble_srv_is_notification_enabled
 .text.characteristic_add
                0x0000000000029dea      0x146 Output/ble_app_coppy_pca10056_s140 Release/Obj/ble_srv_common.o
                0x0000000000029dea                characteristic_add
 .text.sd_ble_gap_data_length_update
                0x0000000000029f30        0x4 Output/ble_app_coppy_pca10056_s140 Release/Obj/nrf_ble_gatt.o
 .text.sd_ble_gattc_exchange_mtu_request
                0x0000000000029f34        0x4 Output/ble_app_coppy_pca10056_s140 Release/Obj/nrf_ble_gatt.o
 .text.sd_ble_gatts_exchange_mtu_reply
                0x0000000000029f38        0x4 Output/ble_app_coppy_pca10056_s140 Release/Obj/nrf_ble_gatt.o
 .text.data_length_update
                0x0000000000029f3c       0x7c Output/ble_app_coppy_pca10056_s140 Release/Obj/nrf_ble_gatt.o
 .text.nrf_ble_gatt_init
                0x0000000000029fb8       0x28 Output/ble_app_coppy_pca10056_s140 Release/Obj/nrf_ble_gatt.o
                0x0000000000029fb8                nrf_ble_gatt_init
 .text.nrf_ble_gatt_on_ble_evt
                0x0000000000029fe0      0x1ac Output/ble_app_coppy_pca10056_s140 Release/Obj/nrf_ble_gatt.o
                0x0000000000029fe0                nrf_ble_gatt_on_ble_evt
 .text.sd_ble_gatts_rw_authorize_reply
                0x000000000002a18c        0x4 Output/ble_app_coppy_pca10056_s140 Release/Obj/nrf_ble_qwr.o
 .text.sd_ble_user_mem_reply
                0x000000000002a190        0x4 Output/ble_app_coppy_pca10056_s140 Release/Obj/nrf_ble_qwr.o
 .text.user_mem_reply.part.0
                0x000000000002a194       0x24 Output/ble_app_coppy_pca10056_s140 Release/Obj/nrf_ble_qwr.o
 .text.nrf_ble_qwr_init
                0x000000000002a1b8       0x24 Output/ble_app_coppy_pca10056_s140 Release/Obj/nrf_ble_qwr.o
                0x000000000002a1b8                nrf_ble_qwr_init
 .text.nrf_ble_qwr_conn_handle_assign
                0x000000000002a1dc       0x16 Output/ble_app_coppy_pca10056_s140 Release/Obj/nrf_ble_qwr.o
                0x000000000002a1dc                nrf_ble_qwr_conn_handle_assign
 .text.nrf_ble_qwr_on_ble_evt
                0x000000000002a1f2       0xa0 Output/ble_app_coppy_pca10056_s140 Release/Obj/nrf_ble_qwr.o
                0x000000000002a1f2                nrf_ble_qwr_on_ble_evt
 .text.sd_ble_gatts_service_add
                0x000000000002a292        0x4 Output/ble_app_coppy_pca10056_s140 Release/Obj/ble_lbs.o
 .text.sd_ble_gatts_hvx
                0x000000000002a296        0x4 Output/ble_app_coppy_pca10056_s140 Release/Obj/ble_lbs.o
 .text.sd_ble_uuid_vs_add
                0x000000000002a29a        0x4 Output/ble_app_coppy_pca10056_s140 Release/Obj/ble_lbs.o
 .text.ble_lbs_on_ble_evt
                0x000000000002a29e       0x2a Output/ble_app_coppy_pca10056_s140 Release/Obj/ble_lbs.o
                0x000000000002a29e                ble_lbs_on_ble_evt
 .text.ble_lbs_init
                0x000000000002a2c8       0xd0 Output/ble_app_coppy_pca10056_s140 Release/Obj/ble_lbs.o
                0x000000000002a2c8                ble_lbs_init
 .text.ble_lbs_on_button_change
                0x000000000002a398       0x40 Output/ble_app_coppy_pca10056_s140 Release/Obj/ble_lbs.o
                0x000000000002a398                ble_lbs_on_button_change
 .text.sd_softdevice_enable
                0x000000000002a3d8        0x4 Output/ble_app_coppy_pca10056_s140 Release/Obj/nrf_sdh.o
 .text.sdh_request_observer_notify
                0x000000000002a3dc       0x30 Output/ble_app_coppy_pca10056_s140 Release/Obj/nrf_sdh.o
 .text.sdh_state_observer_notify
                0x000000000002a40c       0x28 Output/ble_app_coppy_pca10056_s140 Release/Obj/nrf_sdh.o
 .text.softdevices_evt_irq_enable
                0x000000000002a434       0x38 Output/ble_app_coppy_pca10056_s140 Release/Obj/nrf_sdh.o
 .text.nrf_sdh_enable_request
                0x000000000002a46c       0x78 Output/ble_app_coppy_pca10056_s140 Release/Obj/nrf_sdh.o
                0x000000000002a46c                nrf_sdh_enable_request
 .text.nrf_sdh_is_enabled
                0x000000000002a4e4        0xc Output/ble_app_coppy_pca10056_s140 Release/Obj/nrf_sdh.o
                0x000000000002a4e4                nrf_sdh_is_enabled
 .text.nrf_sdh_evts_poll
                0x000000000002a4f0       0x28 Output/ble_app_coppy_pca10056_s140 Release/Obj/nrf_sdh.o
                0x000000000002a4f0                nrf_sdh_evts_poll
 .text.SWI2_EGU2_IRQHandler
                0x000000000002a518        0x4 Output/ble_app_coppy_pca10056_s140 Release/Obj/nrf_sdh.o
                0x000000000002a518                SWI2_EGU2_IRQHandler
 .text.sd_ble_enable
                0x000000000002a51c        0x4 Output/ble_app_coppy_pca10056_s140 Release/Obj/nrf_sdh_ble.o
 .text.sd_ble_cfg_set
                0x000000000002a520        0x4 Output/ble_app_coppy_pca10056_s140 Release/Obj/nrf_sdh_ble.o
 .text.sd_ble_evt_get
                0x000000000002a524        0x4 Output/ble_app_coppy_pca10056_s140 Release/Obj/nrf_sdh_ble.o
 .text.nrf_sdh_ble_evts_poll
                0x000000000002a528       0x50 Output/ble_app_coppy_pca10056_s140 Release/Obj/nrf_sdh_ble.o
 .text.nrf_sdh_ble_default_cfg_set
                0x000000000002a578      0x164 Output/ble_app_coppy_pca10056_s140 Release/Obj/nrf_sdh_ble.o
                0x000000000002a578                nrf_sdh_ble_default_cfg_set
 .text.nrf_sdh_ble_enable
                0x000000000002a6dc       0x94 Output/ble_app_coppy_pca10056_s140 Release/Obj/nrf_sdh_ble.o
                0x000000000002a6dc                nrf_sdh_ble_enable
 .text.sd_evt_get
                0x000000000002a770        0x4 Output/ble_app_coppy_pca10056_s140 Release/Obj/nrf_sdh_soc.o
 .text.nrf_sdh_soc_evts_poll
                0x000000000002a774       0x3c Output/ble_app_coppy_pca10056_s140 Release/Obj/nrf_sdh_soc.o
 .text.libc.__RAL_ascii_isctype
                0x000000000002a7b0       0x1c C:/Program Files/SEGGER/SEGGER Embedded Studio for ARM 3.50/lib/libc_v7em_fpv4_sp_d16_hard_t_le_eabi.a(libc2.o)
 .text.libc.__RAL_ascii_toupper
                0x000000000002a7cc        0xc C:/Program Files/SEGGER/SEGGER Embedded Studio for ARM 3.50/lib/libc_v7em_fpv4_sp_d16_hard_t_le_eabi.a(libc2.o)
 .text.libc.__RAL_ascii_tolower
                0x000000000002a7d8        0xc C:/Program Files/SEGGER/SEGGER Embedded Studio for ARM 3.50/lib/libc_v7em_fpv4_sp_d16_hard_t_le_eabi.a(libc2.o)
 .text.libc.__RAL_ascii_iswctype
                0x000000000002a7e4       0x1c C:/Program Files/SEGGER/SEGGER Embedded Studio for ARM 3.50/lib/libc_v7em_fpv4_sp_d16_hard_t_le_eabi.a(libc2.o)
 .text.libc.__RAL_ascii_towupper
                0x000000000002a800        0xc C:/Program Files/SEGGER/SEGGER Embedded Studio for ARM 3.50/lib/libc_v7em_fpv4_sp_d16_hard_t_le_eabi.a(libc2.o)
 .text.libc.__RAL_ascii_towlower
                0x000000000002a80c        0xc C:/Program Files/SEGGER/SEGGER Embedded Studio for ARM 3.50/lib/libc_v7em_fpv4_sp_d16_hard_t_le_eabi.a(libc2.o)
 .text.libc.__RAL_ascii_wctomb
                0x000000000002a818        0xe C:/Program Files/SEGGER/SEGGER Embedded Studio for ARM 3.50/lib/libc_v7em_fpv4_sp_d16_hard_t_le_eabi.a(libc2.o)
                0x000000000002a818                __RAL_ascii_wctomb
 .text.libc.__RAL_ascii_mbtowc
                0x000000000002a826       0x24 C:/Program Files/SEGGER/SEGGER Embedded Studio for ARM 3.50/lib/libc_v7em_fpv4_sp_d16_hard_t_le_eabi.a(libc2.o)
                0x000000000002a826                __RAL_ascii_mbtowc
 *fill*         0x000000000002a84a        0x2 
 .text.libc.__RAL_isctype
                0x000000000002a84c       0x14 C:/Program Files/SEGGER/SEGGER Embedded Studio for ARM 3.50/lib/libc_v7em_fpv4_sp_d16_hard_t_le_eabi.a(libc2.o)
                0x000000000002a84c                __RAL_isctype
 .text.libc.isprint
                0x000000000002a860        0xa C:/Program Files/SEGGER/SEGGER Embedded Studio for ARM 3.50/lib/libc_v7em_fpv4_sp_d16_hard_t_le_eabi.a(libc2.o)
                0x000000000002a860                isprint
 .text.libc.memcpy
                0x000000000002a86a       0x52 C:/Program Files/SEGGER/SEGGER Embedded Studio for ARM 3.50/lib/libc_v7em_fpv4_sp_d16_hard_t_le_eabi.a(libc2_asm.o)
                0x000000000002a86a                __aeabi_memcpy
                0x000000000002a86a                memcpy
                0x000000000002a876                __aeabi_memcpy8
                0x000000000002a876                __aeabi_memcpy4
 .text.libc.memset
                0x000000000002a8bc       0x66 C:/Program Files/SEGGER/SEGGER Embedded Studio for ARM 3.50/lib/libc_v7em_fpv4_sp_d16_hard_t_le_eabi.a(libc2_asm.o)
                0x000000000002a8bc                memset
 .text.libc.strlen
                0x000000000002a922       0x60 C:/Program Files/SEGGER/SEGGER Embedded Studio for ARM 3.50/lib/libc_v7em_fpv4_sp_d16_hard_t_le_eabi.a(libc2_asm.o)
                0x000000000002a922                strlen
                0x000000000002a982                __text_end__ = (__text_start__ + SIZEOF (.text))
                0x00000000000045aa                __text_size__ = SIZEOF (.text)
                0x000000000002a982                __text_load_end__ = __text_end__

.vfp11_veneer   0x0000000100000000        0x0
 .vfp11_veneer  0x0000000100000000        0x0 linker stubs

.v4_bx          0x0000000100000000        0x0
 .v4_bx         0x0000000100000000        0x0 linker stubs

.iplt           0x0000000100000000        0x0
 .iplt          0x0000000100000000        0x0 Output/ble_app_coppy_pca10056_s140 Release/Obj/thumb_crt0.o
                0x0000000000000001                . = ASSERT (((__text_start__ == __text_end__) || ((__text_end__ >= __FLASH_segment_start__) && (__text_end__ <= __FLASH_segment_end__))), error: .text is too large to fit in FLASH memory segment)
                0x000000000002a984                __sdh_soc_observers_load_start__ = ALIGN (__text_end__, 0x4)

.sdh_soc_observers
                0x000000000002a984        0x8
                0x000000000002a984                __sdh_soc_observers_start__ = .
                0x000000000002a984                __start_sdh_soc_observers = __sdh_soc_observers_start__
 *(SORT_BY_NAME(.sdh_soc_observers*))
 .sdh_soc_observers0
                0x000000000002a984        0x8 Output/ble_app_coppy_pca10056_s140 Release/Obj/nrf_drv_clock.o
                0x000000000002a98c                __sdh_soc_observers_end__ = (__sdh_soc_observers_start__ + SIZEOF (.sdh_soc_observers))
                0x0000000000000008                __sdh_soc_observers_size__ = SIZEOF (.sdh_soc_observers)
                0x000000000002a98c                __stop_sdh_soc_observers = __sdh_soc_observers_end__
                0x000000000002a98c                __sdh_soc_observers_load_end__ = __sdh_soc_observers_end__
                0x0000000000000001                . = ASSERT (((__sdh_soc_observers_start__ == __sdh_soc_observers_end__) || ((__sdh_soc_observers_end__ >= __FLASH_segment_start__) && (__sdh_soc_observers_end__ <= __FLASH_segment_end__))), error: .sdh_soc_observers is too large to fit in FLASH memory segment)
                0x000000000002a98c                __pwr_mgmt_data_load_start__ = ALIGN (__sdh_soc_observers_end__, 0x4)

.pwr_mgmt_data  0x000000000002a98c        0x0
                0x000000000002a98c                __pwr_mgmt_data_start__ = .
                0x000000000002a98c                __start_pwr_mgmt_data = __pwr_mgmt_data_start__
 *(SORT_BY_NAME(.pwr_mgmt_data*))
                0x000000000002a98c                __pwr_mgmt_data_end__ = (__pwr_mgmt_data_start__ + SIZEOF (.pwr_mgmt_data))
                0x0000000000000000                __pwr_mgmt_data_size__ = SIZEOF (.pwr_mgmt_data)
                0x000000000002a98c                __stop_pwr_mgmt_data = __pwr_mgmt_data_end__
                0x000000000002a98c                __pwr_mgmt_data_load_end__ = __pwr_mgmt_data_end__
                0x0000000000000001                . = ASSERT (((__pwr_mgmt_data_start__ == __pwr_mgmt_data_end__) || ((__pwr_mgmt_data_end__ >= __FLASH_segment_start__) && (__pwr_mgmt_data_end__ <= __FLASH_segment_end__))), error: .pwr_mgmt_data is too large to fit in FLASH memory segment)
                0x000000000002a98c                __sdh_ble_observers_load_start__ = ALIGN (__pwr_mgmt_data_end__, 0x4)

.sdh_ble_observers
                0x000000000002a98c       0x30
                0x000000000002a98c                __sdh_ble_observers_start__ = .
                0x000000000002a98c                __start_sdh_ble_observers = __sdh_ble_observers_start__
 *(SORT_BY_NAME(.sdh_ble_observers*))
 .sdh_ble_observers0
                0x000000000002a98c        0x8 Output/ble_app_coppy_pca10056_s140 Release/Obj/ble_conn_state.o
 .sdh_ble_observers1
                0x000000000002a994        0x8 Output/ble_app_coppy_pca10056_s140 Release/Obj/main.o
 .sdh_ble_observers1
                0x000000000002a99c        0x8 Output/ble_app_coppy_pca10056_s140 Release/Obj/ble_conn_params.o
 .sdh_ble_observers2
                0x000000000002a9a4       0x10 Output/ble_app_coppy_pca10056_s140 Release/Obj/main.o
 .sdh_ble_observers3
                0x000000000002a9b4        0x8 Output/ble_app_coppy_pca10056_s140 Release/Obj/main.o
                0x000000000002a9bc                __sdh_ble_observers_end__ = (__sdh_ble_observers_start__ + SIZEOF (.sdh_ble_observers))
                0x0000000000000030                __sdh_ble_observers_size__ = SIZEOF (.sdh_ble_observers)
                0x000000000002a9bc                __stop_sdh_ble_observers = __sdh_ble_observers_end__
                0x000000000002a9bc                __sdh_ble_observers_load_end__ = __sdh_ble_observers_end__
                0x0000000000000001                . = ASSERT (((__sdh_ble_observers_start__ == __sdh_ble_observers_end__) || ((__sdh_ble_observers_end__ >= __FLASH_segment_start__) && (__sdh_ble_observers_end__ <= __FLASH_segment_end__))), error: .sdh_ble_observers is too large to fit in FLASH memory segment)
                0x000000000002a9bc                __sdh_state_observers_load_start__ = ALIGN (__sdh_ble_observers_end__, 0x4)

.sdh_state_observers
                0x000000000002a9bc        0x8
                0x000000000002a9bc                __sdh_state_observers_start__ = .
                0x000000000002a9bc                __start_sdh_state_observers = __sdh_state_observers_start__
 *(SORT_BY_NAME(.sdh_state_observers*))
 .sdh_state_observers0
                0x000000000002a9bc        0x8 Output/ble_app_coppy_pca10056_s140 Release/Obj/nrf_drv_clock.o
                0x000000000002a9c4                __sdh_state_observers_end__ = (__sdh_state_observers_start__ + SIZEOF (.sdh_state_observers))
                0x0000000000000008                __sdh_state_observers_size__ = SIZEOF (.sdh_state_observers)
                0x000000000002a9c4                __stop_sdh_state_observers = __sdh_state_observers_end__
                0x000000000002a9c4                __sdh_state_observers_load_end__ = __sdh_state_observers_end__
                0x0000000000000001                . = ASSERT (((__sdh_state_observers_start__ == __sdh_state_observers_end__) || ((__sdh_state_observers_end__ >= __FLASH_segment_start__) && (__sdh_state_observers_end__ <= __FLASH_segment_end__))), error: .sdh_state_observers is too large to fit in FLASH memory segment)
                0x000000000002a9c4                __sdh_stack_observers_load_start__ = ALIGN (__sdh_state_observers_end__, 0x4)

.sdh_stack_observers
                0x000000000002a9c4       0x10
                0x000000000002a9c4                __sdh_stack_observers_start__ = .
                0x000000000002a9c4                __start_sdh_stack_observers = __sdh_stack_observers_start__
 *(SORT_BY_NAME(.sdh_stack_observers*))
 .sdh_stack_observers0
                0x000000000002a9c4        0x8 Output/ble_app_coppy_pca10056_s140 Release/Obj/nrf_sdh_ble.o
 .sdh_stack_observers0
                0x000000000002a9cc        0x8 Output/ble_app_coppy_pca10056_s140 Release/Obj/nrf_sdh_soc.o
                0x000000000002a9d4                __sdh_stack_observers_end__ = (__sdh_stack_observers_start__ + SIZEOF (.sdh_stack_observers))
                0x0000000000000010                __sdh_stack_observers_size__ = SIZEOF (.sdh_stack_observers)
                0x000000000002a9d4                __stop_sdh_stack_observers = __sdh_stack_observers_end__
                0x000000000002a9d4                __sdh_stack_observers_load_end__ = __sdh_stack_observers_end__
                0x0000000000000001                . = ASSERT (((__sdh_stack_observers_start__ == __sdh_stack_observers_end__) || ((__sdh_stack_observers_end__ >= __FLASH_segment_start__) && (__sdh_stack_observers_end__ <= __FLASH_segment_end__))), error: .sdh_stack_observers is too large to fit in FLASH memory segment)
                0x000000000002a9d4                __sdh_req_observers_load_start__ = ALIGN (__sdh_stack_observers_end__, 0x4)

.sdh_req_observers
                0x000000000002a9d4        0x0
                0x000000000002a9d4                __sdh_req_observers_start__ = .
                0x000000000002a9d4                __start_sdh_req_observers = __sdh_req_observers_start__
 *(SORT_BY_NAME(.sdh_req_observers*))
                0x000000000002a9d4                __sdh_req_observers_end__ = (__sdh_req_observers_start__ + SIZEOF (.sdh_req_observers))
                0x0000000000000000                __sdh_req_observers_size__ = SIZEOF (.sdh_req_observers)
                0x000000000002a9d4                __stop_sdh_req_observers = __sdh_req_observers_end__
                0x000000000002a9d4                __sdh_req_observers_load_end__ = __sdh_req_observers_end__
                0x0000000000000001                . = ASSERT (((__sdh_req_observers_start__ == __sdh_req_observers_end__) || ((__sdh_req_observers_end__ >= __FLASH_segment_start__) && (__sdh_req_observers_end__ <= __FLASH_segment_end__))), error: .sdh_req_observers is too large to fit in FLASH memory segment)
                0x000000000002a9d4                __nrf_queue_load_start__ = ALIGN (__sdh_req_observers_end__, 0x4)

.nrf_queue      0x000000000002a9d4        0x0
                0x000000000002a9d4                __nrf_queue_start__ = .
                0x000000000002a9d4                __start_nrf_queue = __nrf_queue_start__
 *(.nrf_queue*)
                0x000000000002a9d4                __nrf_queue_end__ = (__nrf_queue_start__ + SIZEOF (.nrf_queue))
                0x0000000000000000                __nrf_queue_size__ = SIZEOF (.nrf_queue)
                0x000000000002a9d4                __stop_nrf_queue = __nrf_queue_end__
                0x000000000002a9d4                __nrf_queue_load_end__ = __nrf_queue_end__
                0x0000000000000001                . = ASSERT (((__nrf_queue_start__ == __nrf_queue_end__) || ((__nrf_queue_end__ >= __FLASH_segment_start__) && (__nrf_queue_end__ <= __FLASH_segment_end__))), error: .nrf_queue is too large to fit in FLASH memory segment)
                0x000000000002a9d4                __nrf_balloc_load_start__ = ALIGN (__nrf_queue_end__, 0x4)

.nrf_balloc     0x000000000002a9d4       0x14
                0x000000000002a9d4                __nrf_balloc_start__ = .
                0x000000000002a9d4                __start_nrf_balloc = __nrf_balloc_start__
 *(.nrf_balloc*)
 .nrf_balloc    0x000000000002a9d4       0x14 Output/ble_app_coppy_pca10056_s140 Release/Obj/nrf_log_frontend.o
                0x000000000002a9d4                log_mempool
                0x000000000002a9e8                __nrf_balloc_end__ = (__nrf_balloc_start__ + SIZEOF (.nrf_balloc))
                0x0000000000000014                __nrf_balloc_size__ = SIZEOF (.nrf_balloc)
                0x000000000002a9e8                __stop_nrf_balloc = __nrf_balloc_end__
                0x000000000002a9e8                __nrf_balloc_load_end__ = __nrf_balloc_end__
                0x0000000000000001                . = ASSERT (((__nrf_balloc_start__ == __nrf_balloc_end__) || ((__nrf_balloc_end__ >= __FLASH_segment_start__) && (__nrf_balloc_end__ <= __FLASH_segment_end__))), error: .nrf_balloc is too large to fit in FLASH memory segment)
                0x000000000002a9e8                __cli_command_load_start__ = ALIGN (__nrf_balloc_end__, 0x4)

.cli_command    0x000000000002a9e8        0x0
                0x000000000002a9e8                __cli_command_start__ = .
                0x000000000002a9e8                __start_cli_command = __cli_command_start__
 *(.cli_command*)
                0x000000000002a9e8                __cli_command_end__ = (__cli_command_start__ + SIZEOF (.cli_command))
                0x0000000000000000                __cli_command_size__ = SIZEOF (.cli_command)
                0x000000000002a9e8                __stop_cli_command = __cli_command_end__
                0x000000000002a9e8                __cli_command_load_end__ = __cli_command_end__
                0x0000000000000001                . = ASSERT (((__cli_command_start__ == __cli_command_end__) || ((__cli_command_end__ >= __FLASH_segment_start__) && (__cli_command_end__ <= __FLASH_segment_end__))), error: .cli_command is too large to fit in FLASH memory segment)
                0x000000000002a9e8                __crypto_data_load_start__ = ALIGN (__cli_command_end__, 0x4)

.crypto_data    0x000000000002a9e8        0x0
                0x000000000002a9e8                __crypto_data_start__ = .
                0x000000000002a9e8                __start_crypto_data = __crypto_data_start__
 *(SORT_BY_NAME(.crypto_data*))
                0x000000000002a9e8                __crypto_data_end__ = (__crypto_data_start__ + SIZEOF (.crypto_data))
                0x0000000000000000                __crypto_data_size__ = SIZEOF (.crypto_data)
                0x000000000002a9e8                __stop_crypto_data = __crypto_data_end__
                0x000000000002a9e8                __crypto_data_load_end__ = __crypto_data_end__
                0x0000000000000001                . = ASSERT (((__crypto_data_start__ == __crypto_data_end__) || ((__crypto_data_end__ >= __FLASH_segment_start__) && (__crypto_data_end__ <= __FLASH_segment_end__))), error: .crypto_data is too large to fit in FLASH memory segment)
                0x000000000002a9e8                __log_const_data_load_start__ = ALIGN (__crypto_data_end__, 0x4)

.log_const_data
                0x000000000002a9e8       0x60
                0x000000000002a9e8                __log_const_data_start__ = .
                0x000000000002a9e8                __start_log_const_data = __log_const_data_start__
 *(SORT_BY_NAME(.log_const_data*))
 .log_const_data_CLOCK
                0x000000000002a9e8        0x8 Output/ble_app_coppy_pca10056_s140 Release/Obj/nrfx_clock.o
                0x000000000002a9e8                m_nrf_log_CLOCK_logs_data_const
 .log_const_data_GPIOTE
                0x000000000002a9f0        0x8 Output/ble_app_coppy_pca10056_s140 Release/Obj/nrfx_gpiote.o
                0x000000000002a9f0                m_nrf_log_GPIOTE_logs_data_const
 .log_const_data_PRS
                0x000000000002a9f8        0x8 Output/ble_app_coppy_pca10056_s140 Release/Obj/nrfx_prs.o
                0x000000000002a9f8                m_nrf_log_PRS_logs_data_const
 .log_const_data_UART
                0x000000000002aa00        0x8 Output/ble_app_coppy_pca10056_s140 Release/Obj/nrfx_uart.o
                0x000000000002aa00                m_nrf_log_UART_logs_data_const
 .log_const_data_UARTE
                0x000000000002aa08        0x8 Output/ble_app_coppy_pca10056_s140 Release/Obj/nrfx_uarte.o
                0x000000000002aa08                m_nrf_log_UARTE_logs_data_const
 .log_const_data_app
                0x000000000002aa10        0x8 Output/ble_app_coppy_pca10056_s140 Release/Obj/nrf_log_frontend.o
                0x000000000002aa10                m_nrf_log_app_logs_data_const
 .log_const_data_clock
                0x000000000002aa18        0x8 Output/ble_app_coppy_pca10056_s140 Release/Obj/nrf_drv_clock.o
                0x000000000002aa18                m_nrf_log_clock_logs_data_const
 .log_const_data_nrf_ble_gatt
                0x000000000002aa20        0x8 Output/ble_app_coppy_pca10056_s140 Release/Obj/nrf_ble_gatt.o
                0x000000000002aa20                m_nrf_log_nrf_ble_gatt_logs_data_const
 .log_const_data_nrf_sdh
                0x000000000002aa28        0x8 Output/ble_app_coppy_pca10056_s140 Release/Obj/nrf_sdh.o
                0x000000000002aa28                m_nrf_log_nrf_sdh_logs_data_const
 .log_const_data_nrf_sdh_ble
                0x000000000002aa30        0x8 Output/ble_app_coppy_pca10056_s140 Release/Obj/nrf_sdh_ble.o
                0x000000000002aa30                m_nrf_log_nrf_sdh_ble_logs_data_const
 .log_const_data_nrf_sdh_soc
                0x000000000002aa38        0x8 Output/ble_app_coppy_pca10056_s140 Release/Obj/nrf_sdh_soc.o
                0x000000000002aa38                m_nrf_log_nrf_sdh_soc_logs_data_const
 .log_const_data_pwr_mgmt
                0x000000000002aa40        0x8 Output/ble_app_coppy_pca10056_s140 Release/Obj/nrf_pwr_mgmt.o
                0x000000000002aa40                m_nrf_log_pwr_mgmt_logs_data_const
                0x000000000002aa48                __log_const_data_end__ = (__log_const_data_start__ + SIZEOF (.log_const_data))
                0x0000000000000060                __log_const_data_size__ = SIZEOF (.log_const_data)
                0x000000000002aa48                __stop_log_const_data = __log_const_data_end__
                0x000000000002aa48                __log_const_data_load_end__ = __log_const_data_end__
                0x0000000000000001                . = ASSERT (((__log_const_data_start__ == __log_const_data_end__) || ((__log_const_data_end__ >= __FLASH_segment_start__) && (__log_const_data_end__ <= __FLASH_segment_end__))), error: .log_const_data is too large to fit in FLASH memory segment)
                0x000000000002aa48                __log_backends_load_start__ = ALIGN (__log_const_data_end__, 0x4)

.log_backends   0x000000000002aa48       0x10
                0x000000000002aa48                __log_backends_start__ = .
                0x000000000002aa48                __start_log_backends = __log_backends_start__
 *(SORT_BY_NAME(.log_backends*))
 .log_backends  0x000000000002aa48       0x10 Output/ble_app_coppy_pca10056_s140 Release/Obj/nrf_log_default_backends.o
                0x000000000002aa58                __log_backends_end__ = (__log_backends_start__ + SIZEOF (.log_backends))
                0x0000000000000010                __log_backends_size__ = SIZEOF (.log_backends)
                0x000000000002aa58                __stop_log_backends = __log_backends_end__
                0x000000000002aa58                __log_backends_load_end__ = __log_backends_end__
                0x0000000000000001                . = ASSERT (((__log_backends_start__ == __log_backends_end__) || ((__log_backends_end__ >= __FLASH_segment_start__) && (__log_backends_end__ <= __FLASH_segment_end__))), error: .log_backends is too large to fit in FLASH memory segment)
                0x000000000002aa58                __nrf_sections_load_start__ = ALIGN (__log_backends_end__, 0x4)

.nrf_sections   0x000000000002aa58        0x0
                0x000000000002aa58                __nrf_sections_start__ = .
                0x000000000002aa58                __start_nrf_sections = __nrf_sections_start__
 *(.nrf_sections .nrf_sections.*)
                0x000000000002aa58                __nrf_sections_end__ = (__nrf_sections_start__ + SIZEOF (.nrf_sections))
                0x0000000000000000                __nrf_sections_size__ = SIZEOF (.nrf_sections)
                0x000000000002aa58                __nrf_sections_load_end__ = __nrf_sections_end__
                0x0000000000000001                . = ASSERT (((__nrf_sections_start__ == __nrf_sections_end__) || ((__nrf_sections_end__ >= __FLASH_segment_start__) && (__nrf_sections_end__ <= __FLASH_segment_end__))), error: .nrf_sections is too large to fit in FLASH memory segment)
                0x000000000002aa58                __cli_sorted_cmd_ptrs_load_start__ = ALIGN (__nrf_sections_end__, 0x4)

.cli_sorted_cmd_ptrs
                0x00000000200022e0        0x0 load address 0x000000000002aa58
                0x00000000200022e0                __cli_sorted_cmd_ptrs_start__ = .
 *(.cli_sorted_cmd_ptrs*)
                0x00000000200022e0                __cli_sorted_cmd_ptrs_end__ = (__cli_sorted_cmd_ptrs_start__ + SIZEOF (.cli_sorted_cmd_ptrs))
                0x0000000000000000                __cli_sorted_cmd_ptrs_size__ = SIZEOF (.cli_sorted_cmd_ptrs)
                0x000000000002aa58                __cli_sorted_cmd_ptrs_load_end__ = (__cli_sorted_cmd_ptrs_load_start__ + SIZEOF (.cli_sorted_cmd_ptrs))
                0x0000000000000001                . = ASSERT (((__cli_sorted_cmd_ptrs_load_start__ == __cli_sorted_cmd_ptrs_load_end__) || ((__cli_sorted_cmd_ptrs_load_end__ >= __FLASH_segment_start__) && (__cli_sorted_cmd_ptrs_load_end__ <= __FLASH_segment_end__))), error: .cli_sorted_cmd_ptrs is too large to fit in FLASH memory segment)

.cli_sorted_cmd_ptrs_run
                0x00000000200022e0        0x0
                0x00000000200022e0                __cli_sorted_cmd_ptrs_run_start__ = .
                0x00000000200022e0                __start_cli_sorted_cmd_ptrs = __cli_sorted_cmd_ptrs_run_start__
                0x00000000200022e0                . = MAX ((__cli_sorted_cmd_ptrs_run_start__ + SIZEOF (.cli_sorted_cmd_ptrs)), .)
                0x00000000200022e0                __cli_sorted_cmd_ptrs_run_end__ = (__cli_sorted_cmd_ptrs_run_start__ + SIZEOF (.cli_sorted_cmd_ptrs_run))
                0x0000000000000000                __cli_sorted_cmd_ptrs_run_size__ = SIZEOF (.cli_sorted_cmd_ptrs_run)
                0x00000000200022e0                __stop_cli_sorted_cmd_ptrs = __cli_sorted_cmd_ptrs_run_end__
                0x00000000200022e0                __cli_sorted_cmd_ptrs_run_load_end__ = __cli_sorted_cmd_ptrs_run_end__
                0x0000000000000001                . = ASSERT (((__cli_sorted_cmd_ptrs_run_start__ == __cli_sorted_cmd_ptrs_run_end__) || ((__cli_sorted_cmd_ptrs_run_end__ >= __RAM_segment_start__) && (__cli_sorted_cmd_ptrs_run_end__ <= __RAM_segment_end__))), error: .cli_sorted_cmd_ptrs_run is too large to fit in RAM memory segment)
                0x000000000002aa58                __fs_data_load_start__ = ALIGN ((__cli_sorted_cmd_ptrs_load_start__ + SIZEOF (.cli_sorted_cmd_ptrs)), 0x4)

.fs_data        0x00000000200022e0        0x0 load address 0x000000000002aa58
                0x00000000200022e0                __fs_data_start__ = .
 *(.fs_data*)
                0x00000000200022e0                __fs_data_end__ = (__fs_data_start__ + SIZEOF (.fs_data))
                0x0000000000000000                __fs_data_size__ = SIZEOF (.fs_data)
                0x000000000002aa58                __fs_data_load_end__ = (__fs_data_load_start__ + SIZEOF (.fs_data))
                0x0000000000000001                . = ASSERT (((__fs_data_load_start__ == __fs_data_load_end__) || ((__fs_data_load_end__ >= __FLASH_segment_start__) && (__fs_data_load_end__ <= __FLASH_segment_end__))), error: .fs_data is too large to fit in FLASH memory segment)

.fs_data_run    0x00000000200022e0        0x0
                0x00000000200022e0                __fs_data_run_start__ = .
                0x00000000200022e0                __start_fs_data = __fs_data_run_start__
                0x00000000200022e0                . = MAX ((__fs_data_run_start__ + SIZEOF (.fs_data)), .)
                0x00000000200022e0                __fs_data_run_end__ = (__fs_data_run_start__ + SIZEOF (.fs_data_run))
                0x0000000000000000                __fs_data_run_size__ = SIZEOF (.fs_data_run)
                0x00000000200022e0                __stop_fs_data = __fs_data_run_end__
                0x00000000200022e0                __fs_data_run_load_end__ = __fs_data_run_end__
                0x0000000000000001                . = ASSERT (((__fs_data_run_start__ == __fs_data_run_end__) || ((__fs_data_run_end__ >= __RAM_segment_start__) && (__fs_data_run_end__ <= __RAM_segment_end__))), error: .fs_data_run is too large to fit in RAM memory segment)
                0x000000000002aa58                __log_dynamic_data_load_start__ = ALIGN ((__fs_data_load_start__ + SIZEOF (.fs_data)), 0x4)

.log_dynamic_data
                0x00000000200022e0        0x0 load address 0x000000000002aa58
                0x00000000200022e0                __log_dynamic_data_start__ = .
 *(SORT_BY_NAME(.log_dynamic_data*))
                0x00000000200022e0                __log_dynamic_data_end__ = (__log_dynamic_data_start__ + SIZEOF (.log_dynamic_data))
                0x0000000000000000                __log_dynamic_data_size__ = SIZEOF (.log_dynamic_data)
                0x000000000002aa58                __log_dynamic_data_load_end__ = (__log_dynamic_data_load_start__ + SIZEOF (.log_dynamic_data))
                0x0000000000000001                . = ASSERT (((__log_dynamic_data_load_start__ == __log_dynamic_data_load_end__) || ((__log_dynamic_data_load_end__ >= __FLASH_segment_start__) && (__log_dynamic_data_load_end__ <= __FLASH_segment_end__))), error: .log_dynamic_data is too large to fit in FLASH memory segment)

.log_dynamic_data_run
                0x00000000200022e0        0x0
                0x00000000200022e0                __log_dynamic_data_run_start__ = .
                0x00000000200022e0                __start_log_dynamic_data = __log_dynamic_data_run_start__
                0x00000000200022e0                . = MAX ((__log_dynamic_data_run_start__ + SIZEOF (.log_dynamic_data)), .)
                0x00000000200022e0                __log_dynamic_data_run_end__ = (__log_dynamic_data_run_start__ + SIZEOF (.log_dynamic_data_run))
                0x0000000000000000                __log_dynamic_data_run_size__ = SIZEOF (.log_dynamic_data_run)
                0x00000000200022e0                __stop_log_dynamic_data = __log_dynamic_data_run_end__
                0x00000000200022e0                __log_dynamic_data_run_load_end__ = __log_dynamic_data_run_end__
                0x0000000000000001                . = ASSERT (((__log_dynamic_data_run_start__ == __log_dynamic_data_run_end__) || ((__log_dynamic_data_run_end__ >= __RAM_segment_start__) && (__log_dynamic_data_run_end__ <= __RAM_segment_end__))), error: .log_dynamic_data_run is too large to fit in RAM memory segment)
                0x000000000002aa58                __log_filter_data_load_start__ = ALIGN ((__log_dynamic_data_load_start__ + SIZEOF (.log_dynamic_data)), 0x4)

.log_filter_data
                0x00000000200022e0        0x0 load address 0x000000000002aa58
                0x00000000200022e0                __log_filter_data_start__ = .
 *(SORT_BY_NAME(.log_filter_data*))
                0x00000000200022e0                __log_filter_data_end__ = (__log_filter_data_start__ + SIZEOF (.log_filter_data))
                0x0000000000000000                __log_filter_data_size__ = SIZEOF (.log_filter_data)
                0x000000000002aa58                __log_filter_data_load_end__ = (__log_filter_data_load_start__ + SIZEOF (.log_filter_data))
                0x0000000000000001                . = ASSERT (((__log_filter_data_load_start__ == __log_filter_data_load_end__) || ((__log_filter_data_load_end__ >= __FLASH_segment_start__) && (__log_filter_data_load_end__ <= __FLASH_segment_end__))), error: .log_filter_data is too large to fit in FLASH memory segment)

.log_filter_data_run
                0x00000000200022e0        0x0
                0x00000000200022e0                __log_filter_data_run_start__ = .
                0x00000000200022e0                __start_log_filter_data = __log_filter_data_run_start__
                0x00000000200022e0                . = MAX ((__log_filter_data_run_start__ + SIZEOF (.log_filter_data)), .)
                0x00000000200022e0                __log_filter_data_run_end__ = (__log_filter_data_run_start__ + SIZEOF (.log_filter_data_run))
                0x0000000000000000                __log_filter_data_run_size__ = SIZEOF (.log_filter_data_run)
                0x00000000200022e0                __stop_log_filter_data = __log_filter_data_run_end__
                0x00000000200022e0                __log_filter_data_run_load_end__ = __log_filter_data_run_end__
                0x0000000000000001                . = ASSERT (((__log_filter_data_run_start__ == __log_filter_data_run_end__) || ((__log_filter_data_run_end__ >= __RAM_segment_start__) && (__log_filter_data_run_end__ <= __RAM_segment_end__))), error: .log_filter_data_run is too large to fit in RAM memory segment)
                0x00000000200022e0                __nrf_sections_run_end_load_start__ = ALIGN (__log_filter_data_run_end__, 0x4)

.nrf_sections_run_end
                0x00000000200022e0        0x0
                0x00000000200022e0                __nrf_sections_run_end_start__ = .
                0x00000000200022e0                __end_nrf_sections_run = __nrf_sections_run_end_start__
 *(.nrf_sections_run_end .nrf_sections_run_end.*)
                0x00000000200022e0                __nrf_sections_run_end_end__ = (__nrf_sections_run_end_start__ + SIZEOF (.nrf_sections_run_end))
                0x0000000000000000                __nrf_sections_run_end_size__ = SIZEOF (.nrf_sections_run_end)
                0x00000000200022e0                __nrf_sections_run_end_load_end__ = __nrf_sections_run_end_end__
                0x0000000000000001                . = ASSERT (((__nrf_sections_run_end_start__ == __nrf_sections_run_end_end__) || ((__nrf_sections_run_end_end__ >= __RAM_segment_start__) && (__nrf_sections_run_end_end__ <= __RAM_segment_end__))), error: .nrf_sections_run_end is too large to fit in RAM memory segment)
                0x000000000002aa58                __dtors_load_start__ = ALIGN ((__log_filter_data_load_start__ + SIZEOF (.log_filter_data)), 0x4)

.dtors          0x000000000002aa58        0x0
                0x000000000002aa58                __dtors_start__ = .
 *(SORT_BY_NAME(.dtors.*))
 *(.dtors)
 *(.fini_array)
 *(SORT_BY_NAME(.fini_array.*))
                0x000000000002aa58                __dtors_end__ = (__dtors_start__ + SIZEOF (.dtors))
                0x0000000000000000                __dtors_size__ = SIZEOF (.dtors)
                0x000000000002aa58                __dtors_load_end__ = __dtors_end__
                0x0000000000000001                . = ASSERT (((__dtors_start__ == __dtors_end__) || ((__dtors_end__ >= __FLASH_segment_start__) && (__dtors_end__ <= __FLASH_segment_end__))), error: .dtors is too large to fit in FLASH memory segment)
                0x000000000002aa58                __ctors_load_start__ = ALIGN (__dtors_end__, 0x4)

.ctors          0x000000000002aa58        0x0
                0x000000000002aa58                __ctors_start__ = .
 *(SORT_BY_NAME(.ctors.*))
 *(.ctors)
 *(.init_array)
 *(SORT_BY_NAME(.init_array.*))
                0x000000000002aa58                __ctors_end__ = (__ctors_start__ + SIZEOF (.ctors))
                0x0000000000000000                __ctors_size__ = SIZEOF (.ctors)
                0x000000000002aa58                __ctors_load_end__ = __ctors_end__
                0x0000000000000001                . = ASSERT (((__ctors_start__ == __ctors_end__) || ((__ctors_end__ >= __FLASH_segment_start__) && (__ctors_end__ <= __FLASH_segment_end__))), error: .ctors is too large to fit in FLASH memory segment)
                0x000000000002aa58                __rodata_load_start__ = ALIGN (__ctors_end__, 0x4)

.rodata         0x000000000002aa58      0xd5c
                0x000000000002aa58                __rodata_start__ = .
 *(.rodata .rodata.* .gnu.linkonce.r.*)
 .rodata        0x000000000002aa58       0x20 Output/ble_app_coppy_pca10056_s140 Release/Obj/nrf_log_backend_uart.o
 .rodata.nrf_log_backend_uart_api
                0x000000000002aa78        0xc Output/ble_app_coppy_pca10056_s140 Release/Obj/nrf_log_backend_uart.o
                0x000000000002aa78                nrf_log_backend_uart_api
 .rodata.str1.1
                0x000000000002aa84       0x11 Output/ble_app_coppy_pca10056_s140 Release/Obj/nrf_log_default_backends.o
 *fill*         0x000000000002aa95        0x3 
 .rodata.m_log_push_ringbuf
                0x000000000002aa98        0xc Output/ble_app_coppy_pca10056_s140 Release/Obj/nrf_log_frontend.o
 .rodata.nrf_log_frontend_dequeue.str1.1
                0x000000000002aaa4       0x11 Output/ble_app_coppy_pca10056_s140 Release/Obj/nrf_log_frontend.o
 .rodata.str1.1
                0x000000000002aab5        0x4 Output/ble_app_coppy_pca10056_s140 Release/Obj/nrf_log_frontend.o
 *fill*         0x000000000002aab9        0x3 
 .rodata.m_colors
                0x000000000002aabc       0x24 Output/ble_app_coppy_pca10056_s140 Release/Obj/nrf_log_str_formatter.o
 .rodata.nrf_log_hexdump_entry_process.str1.1
                0x000000000002aae0        0xf Output/ble_app_coppy_pca10056_s140 Release/Obj/nrf_log_str_formatter.o
                                         0x11 (size before relaxing)
 .rodata.postfix_process.str1.1
                0x000000000002aaef        0x8 Output/ble_app_coppy_pca10056_s140 Release/Obj/nrf_log_str_formatter.o
                                          0xb (size before relaxing)
 .rodata.prefix_process.str1.1
                0x000000000002aaf7       0x2a Output/ble_app_coppy_pca10056_s140 Release/Obj/nrf_log_str_formatter.o
 *fill*         0x000000000002ab21        0x3 
 .rodata.severity_names
                0x000000000002ab24       0x14 Output/ble_app_coppy_pca10056_s140 Release/Obj/nrf_log_str_formatter.o
 .rodata.str1.1
                0x000000000002ab38       0x4b Output/ble_app_coppy_pca10056_s140 Release/Obj/nrf_log_str_formatter.o
                                         0x51 (size before relaxing)
 *fill*         0x000000000002ab83        0x1 
 .rodata.m_detection_delay_timer_id
                0x000000000002ab84        0x4 Output/ble_app_coppy_pca10056_s140 Release/Obj/app_button.o
 .rodata.app_error_fault_handler.str1.1
                0x000000000002ab88       0x19 Output/ble_app_coppy_pca10056_s140 Release/Obj/app_error_weak.o
 *fill*         0x000000000002aba1        0xf 
 .rodata.delay_bytecode.8507
                0x000000000002abb0        0x6 Output/ble_app_coppy_pca10056_s140 Release/Obj/app_timer.o
 .rodata._aV2C.7683
                0x000000000002abb6       0x10 Output/ble_app_coppy_pca10056_s140 Release/Obj/nrf_fprintf_format.o
 *fill*         0x000000000002abc6        0x2 
 .rodata.pwr_mgmt_data
                0x000000000002abc8        0xc Output/ble_app_coppy_pca10056_s140 Release/Obj/nrf_pwr_mgmt.o
 .rodata.str1.1
                0x000000000002abd4        0x9 Output/ble_app_coppy_pca10056_s140 Release/Obj/nrf_pwr_mgmt.o
 .rodata.m_unknown_str
                0x000000000002abdd       0x13 Output/ble_app_coppy_pca10056_s140 Release/Obj/nrf_strerror.o
 .rodata.nrf_strerror_array
                0x000000000002abf0      0x128 Output/ble_app_coppy_pca10056_s140 Release/Obj/nrf_strerror.o
 .rodata.str1.1
                0x000000000002ad18      0x3ba Output/ble_app_coppy_pca10056_s140 Release/Obj/nrf_strerror.o
 .rodata.m_board_led_list
                0x000000000002b0d2        0x4 Output/ble_app_coppy_pca10056_s140 Release/Obj/boards.o
 .rodata.str1.1
                0x000000000002b0d6        0x6 Output/ble_app_coppy_pca10056_s140 Release/Obj/nrf_drv_clock.o
 .rodata.str1.1
                0x000000000002b0dc        0x6 Output/ble_app_coppy_pca10056_s140 Release/Obj/nrfx_clock.o
 .rodata.str1.1
                0x000000000002b0e2        0x7 Output/ble_app_coppy_pca10056_s140 Release/Obj/nrfx_gpiote.o
 .rodata.str1.1
                0x000000000002b0e9        0x4 Output/ble_app_coppy_pca10056_s140 Release/Obj/nrfx_prs.o
 .rodata.str1.1
                0x000000000002b0ed        0x5 Output/ble_app_coppy_pca10056_s140 Release/Obj/nrfx_uart.o
 .rodata.str1.1
                0x000000000002b0f2        0x6 Output/ble_app_coppy_pca10056_s140 Release/Obj/nrfx_uarte.o
 .rodata.ble_evt_handler.str1.1
                0x000000000002b0f8       0x17 Output/ble_app_coppy_pca10056_s140 Release/Obj/main.o
 .rodata.button_event_handler.str1.1
                0x000000000002b10f       0x24 Output/ble_app_coppy_pca10056_s140 Release/Obj/main.o
 *fill*         0x000000000002b133        0xd 
 .rodata.delay_bytecode.9918
                0x000000000002b140        0x6 Output/ble_app_coppy_pca10056_s140 Release/Obj/main.o
 .rodata.led_write_handler.str1.1
                0x000000000002b146       0x23 Output/ble_app_coppy_pca10056_s140 Release/Obj/main.o
 .rodata.main.str1.1
                0x000000000002b169       0x22 Output/ble_app_coppy_pca10056_s140 Release/Obj/main.o
 .rodata.data_length_update.str1.1
                0x000000000002b18b       0xdf Output/ble_app_coppy_pca10056_s140 Release/Obj/nrf_ble_gatt.o
 .rodata.nrf_ble_gatt_on_ble_evt.str1.1
                0x000000000002b26a       0x60 Output/ble_app_coppy_pca10056_s140 Release/Obj/nrf_ble_gatt.o
 .rodata.str1.1
                0x000000000002b2ca        0xd Output/ble_app_coppy_pca10056_s140 Release/Obj/nrf_ble_gatt.o
 .rodata        0x000000000002b2d7       0x10 Output/ble_app_coppy_pca10056_s140 Release/Obj/ble_lbs.o
 .rodata        0x000000000002b2e7        0x4 Output/ble_app_coppy_pca10056_s140 Release/Obj/nrf_sdh.o
 *fill*         0x000000000002b2eb        0x1 
 .rodata.sdh_req_observers
                0x000000000002b2ec        0xc Output/ble_app_coppy_pca10056_s140 Release/Obj/nrf_sdh.o
 .rodata.sdh_stack_observers
                0x000000000002b2f8        0xc Output/ble_app_coppy_pca10056_s140 Release/Obj/nrf_sdh.o
 .rodata.sdh_state_observers
                0x000000000002b304        0xc Output/ble_app_coppy_pca10056_s140 Release/Obj/nrf_sdh.o
 .rodata.str1.1
                0x000000000002b310        0x8 Output/ble_app_coppy_pca10056_s140 Release/Obj/nrf_sdh.o
 .rodata.nrf_sdh_ble_default_cfg_set.str1.1
                0x000000000002b318      0x182 Output/ble_app_coppy_pca10056_s140 Release/Obj/nrf_sdh_ble.o
 .rodata.nrf_sdh_ble_enable.str1.1
                0x000000000002b49a       0xa7 Output/ble_app_coppy_pca10056_s140 Release/Obj/nrf_sdh_ble.o
 *fill*         0x000000000002b541        0x3 
 .rodata.sdh_ble_observers
                0x000000000002b544        0xc Output/ble_app_coppy_pca10056_s140 Release/Obj/nrf_sdh_ble.o
 .rodata.str1.1
                0x000000000002b550        0xc Output/ble_app_coppy_pca10056_s140 Release/Obj/nrf_sdh_ble.o
 .rodata.sdh_soc_observers
                0x000000000002b55c        0xc Output/ble_app_coppy_pca10056_s140 Release/Obj/nrf_sdh_soc.o
 .rodata.str1.1
                0x000000000002b568        0xc Output/ble_app_coppy_pca10056_s140 Release/Obj/nrf_sdh_soc.o
 .rodata.libc.__RAL_ascii_ctype_map
                0x000000000002b574       0x80 C:/Program Files/SEGGER/SEGGER Embedded Studio for ARM 3.50/lib/libc_v7em_fpv4_sp_d16_hard_t_le_eabi.a(libc2.o)
                0x000000000002b574                __RAL_ascii_ctype_map
 .rodata.libc.__RAL_ascii_ctype_mask
                0x000000000002b5f4        0xd C:/Program Files/SEGGER/SEGGER Embedded Studio for ARM 3.50/lib/libc_v7em_fpv4_sp_d16_hard_t_le_eabi.a(libc2.o)
 *fill*         0x000000000002b601        0x3 
 .rodata.libc.__RAL_c_locale
                0x000000000002b604        0xc C:/Program Files/SEGGER/SEGGER Embedded Studio for ARM 3.50/lib/libc_v7em_fpv4_sp_d16_hard_t_le_eabi.a(libc2.o)
                0x000000000002b604                __RAL_c_locale
 .rodata.libc.__RAL_c_locale_abbrev_day_names
                0x000000000002b610       0x1d C:/Program Files/SEGGER/SEGGER Embedded Studio for ARM 3.50/lib/libc_v7em_fpv4_sp_d16_hard_t_le_eabi.a(libc2.o)
                0x000000000002b610                __RAL_c_locale_abbrev_day_names
 *fill*         0x000000000002b62d        0x3 
 .rodata.libc.__RAL_c_locale_abbrev_month_names
                0x000000000002b630       0x31 C:/Program Files/SEGGER/SEGGER Embedded Studio for ARM 3.50/lib/libc_v7em_fpv4_sp_d16_hard_t_le_eabi.a(libc2.o)
                0x000000000002b630                __RAL_c_locale_abbrev_month_names
 *fill*         0x000000000002b661        0x3 
 .rodata.libc.__RAL_c_locale_am_pm_indicator
                0x000000000002b664        0x7 C:/Program Files/SEGGER/SEGGER Embedded Studio for ARM 3.50/lib/libc_v7em_fpv4_sp_d16_hard_t_le_eabi.a(libc2.o)
                0x000000000002b664                __RAL_c_locale_am_pm_indicator
 *fill*         0x000000000002b66b        0x1 
 .rodata.libc.__RAL_c_locale_data
                0x000000000002b66c       0x58 C:/Program Files/SEGGER/SEGGER Embedded Studio for ARM 3.50/lib/libc_v7em_fpv4_sp_d16_hard_t_le_eabi.a(libc2.o)
                0x000000000002b66c                __RAL_c_locale_data
 .rodata.libc.__RAL_c_locale_date_format
                0x000000000002b6c4        0x9 C:/Program Files/SEGGER/SEGGER Embedded Studio for ARM 3.50/lib/libc_v7em_fpv4_sp_d16_hard_t_le_eabi.a(libc2.o)
                0x000000000002b6c4                __RAL_c_locale_date_format
 *fill*         0x000000000002b6cd        0x3 
 .rodata.libc.__RAL_c_locale_date_time_format
                0x000000000002b6d0        0xf C:/Program Files/SEGGER/SEGGER Embedded Studio for ARM 3.50/lib/libc_v7em_fpv4_sp_d16_hard_t_le_eabi.a(libc2.o)
                0x000000000002b6d0                __RAL_c_locale_date_time_format
 *fill*         0x000000000002b6df        0x1 
 .rodata.libc.__RAL_c_locale_day_names
                0x000000000002b6e0       0x3a C:/Program Files/SEGGER/SEGGER Embedded Studio for ARM 3.50/lib/libc_v7em_fpv4_sp_d16_hard_t_le_eabi.a(libc2.o)
                0x000000000002b6e0                __RAL_c_locale_day_names
 *fill*         0x000000000002b71a        0x2 
 .rodata.libc.__RAL_c_locale_month_names
                0x000000000002b71c       0x57 C:/Program Files/SEGGER/SEGGER Embedded Studio for ARM 3.50/lib/libc_v7em_fpv4_sp_d16_hard_t_le_eabi.a(libc2.o)
                0x000000000002b71c                __RAL_c_locale_month_names
 *fill*         0x000000000002b773        0x1 
 .rodata.libc.__RAL_c_locale_time_format
                0x000000000002b774        0x9 C:/Program Files/SEGGER/SEGGER Embedded Studio for ARM 3.50/lib/libc_v7em_fpv4_sp_d16_hard_t_le_eabi.a(libc2.o)
                0x000000000002b774                __RAL_c_locale_time_format
 *fill*         0x000000000002b77d        0x3 
 .rodata.libc.__RAL_codeset_ascii
                0x000000000002b780       0x20 C:/Program Files/SEGGER/SEGGER Embedded Studio for ARM 3.50/lib/libc_v7em_fpv4_sp_d16_hard_t_le_eabi.a(libc2.o)
                0x000000000002b780                __RAL_codeset_ascii
 .rodata.libc.__RAL_data_empty_string
                0x000000000002b7a0        0x1 C:/Program Files/SEGGER/SEGGER Embedded Studio for ARM 3.50/lib/libc_v7em_fpv4_sp_d16_hard_t_le_eabi.a(libc2.o)
                0x000000000002b7a0                __RAL_data_empty_string
 *fill*         0x000000000002b7a1        0x3 
 .rodata.libc.__RAL_data_utf8_period
                0x000000000002b7a4        0x2 C:/Program Files/SEGGER/SEGGER Embedded Studio for ARM 3.50/lib/libc_v7em_fpv4_sp_d16_hard_t_le_eabi.a(libc2.o)
                0x000000000002b7a4                __RAL_data_utf8_period
 *fill*         0x000000000002b7a6        0x2 
 .rodata.libc.__RAL_find_locale.str1.4
                0x000000000002b7a8        0xc C:/Program Files/SEGGER/SEGGER Embedded Studio for ARM 3.50/lib/libc_v7em_fpv4_sp_d16_hard_t_le_eabi.a(libc2.o)
                                          0xa (size before relaxing)
                0x000000000002b7b4                __rodata_end__ = (__rodata_start__ + SIZEOF (.rodata))
                0x0000000000000d5c                __rodata_size__ = SIZEOF (.rodata)
                0x000000000002b7b4                __rodata_load_end__ = __rodata_end__

.rel.dyn        0x000000000002b7b4        0x0
 .rel.iplt      0x000000000002b7b4        0x0 Output/ble_app_coppy_pca10056_s140 Release/Obj/thumb_crt0.o
                0x0000000000000001                . = ASSERT (((__rodata_start__ == __rodata_end__) || ((__rodata_end__ >= __FLASH_segment_start__) && (__rodata_end__ <= __FLASH_segment_end__))), error: .rodata is too large to fit in FLASH memory segment)
                0x000000000002b7b4                __ARM.exidx_load_start__ = ALIGN (__rodata_end__, 0x4)

.ARM.exidx      0x000000000002b7b4        0x0